Archive member included to satisfy reference by file (symbol)

.\CortexM3\ARM_GCC_541\Debug\Microcontroller.a(UART_1.o)
                              .\CortexM3\ARM_GCC_541\Debug\UART.o (UART_1_Start)
.\CortexM3\ARM_GCC_541\Debug\Microcontroller.a(UART_1_INT.o)
                              .\CortexM3\ARM_GCC_541\Debug\Microcontroller.a(UART_1.o) (UART_1_RXISR)
.\CortexM3\ARM_GCC_541\Debug\Microcontroller.a(isr_uart_rx.o)
                              .\CortexM3\ARM_GCC_541\Debug\UART.o (isr_uart_rx_Enable)
.\CortexM3\ARM_GCC_541\Debug\Microcontroller.a(P2_3.o)
                              .\CortexM3\ARM_GCC_541\Debug\XYPlotter.o (P2_3_Write)
.\CortexM3\ARM_GCC_541\Debug\Microcontroller.a(P2_4.o)
                              .\CortexM3\ARM_GCC_541\Debug\XYPlotter.o (P2_4_Write)
.\CortexM3\ARM_GCC_541\Debug\Microcontroller.a(P2_5.o)
                              .\CortexM3\ARM_GCC_541\Debug\XYPlotter.o (P2_5_Write)
.\CortexM3\ARM_GCC_541\Debug\Microcontroller.a(P2_6.o)
                              .\CortexM3\ARM_GCC_541\Debug\XYPlotter.o (P2_6_Write)
.\CortexM3\ARM_GCC_541\Debug\Microcontroller.a(P3_3.o)
                              .\CortexM3\ARM_GCC_541\Debug\XYPlotter.o (P3_3_Write)
.\CortexM3\ARM_GCC_541\Debug\Microcontroller.a(P3_4.o)
                              .\CortexM3\ARM_GCC_541\Debug\XYPlotter.o (P3_4_Write)
.\CortexM3\ARM_GCC_541\Debug\Microcontroller.a(P3_5.o)
                              .\CortexM3\ARM_GCC_541\Debug\XYPlotter.o (P3_5_Write)
.\CortexM3\ARM_GCC_541\Debug\Microcontroller.a(P3_6.o)
                              .\CortexM3\ARM_GCC_541\Debug\XYPlotter.o (P3_6_Write)
.\CortexM3\ARM_GCC_541\Debug\Microcontroller.a(UART_1_IntClock.o)
                              .\CortexM3\ARM_GCC_541\Debug\Microcontroller.a(UART_1.o) (UART_1_IntClock_Start)
.\CortexM3\ARM_GCC_541\Debug\Microcontroller.a(CyLib.o)
                              .\CortexM3\ARM_GCC_541\Debug\Cm3Start.o (CyHalt)
.\CortexM3\ARM_GCC_541\Debug\Microcontroller.a(cyPm.o)
                              .\CortexM3\ARM_GCC_541\Debug\Microcontroller.a(CyLib.o) (CyPmReadStatus)
.\CortexM3\ARM_GCC_541\Debug\Microcontroller.a(PWM.o)
                              .\CortexM3\ARM_GCC_541\Debug\LedControl.o (PWM_Stop)
.\CortexM3\ARM_GCC_541\Debug\Microcontroller.a(isr_PWM.o)
                              .\CortexM3\ARM_GCC_541\Debug\LedControl.o (isr_PWM_StartEx)
.\CortexM3\ARM_GCC_541\Debug\Microcontroller.a(Control_Reg_1.o)
                              .\CortexM3\ARM_GCC_541\Debug\LedControl.o (Control_Reg_1_Write)
.\CortexM3\ARM_GCC_541\Debug\Microcontroller.a(LED_1.o)
                              .\CortexM3\ARM_GCC_541\Debug\main.o (LED_1_Write)
.\CortexM3\ARM_GCC_541\Debug\Microcontroller.a(sensorClk.o)
                              .\CortexM3\ARM_GCC_541\Debug\Sensor.o (sensorClk_Write)
.\CortexM3\ARM_GCC_541\Debug\Microcontroller.a(sensorSignal.o)
                              .\CortexM3\ARM_GCC_541\Debug\Sensor.o (sensorSignal_Read)
.\CortexM3\ARM_GCC_541\Debug\Microcontroller.a(sensorReset.o)
                              .\CortexM3\ARM_GCC_541\Debug\Sensor.o (sensorReset_Write)
.\CortexM3\ARM_GCC_541\Debug\Microcontroller.a(ServoPWM.o)
                              .\CortexM3\ARM_GCC_541\Debug\Servo.o (ServoPWM_WriteCompare)
.\CortexM3\ARM_GCC_541\Debug\Microcontroller.a(CyBootAsmGnu.o)
                              .\CortexM3\ARM_GCC_541\Debug\cyfitter_cfg.o (CyDelayCycles)
.\CortexM3\ARM_GCC_541\Debug\Microcontroller.a(CyFlash.o)
                              .\CortexM3\ARM_GCC_541\Debug\Microcontroller.a(cyPm.o) (CyFlash_SetWaitCycles)
.\CortexM3\ARM_GCC_541\Debug\Microcontroller.a(CySpc.o)
                              .\CortexM3\ARM_GCC_541\Debug\Microcontroller.a(CyFlash.o) (CySpcStart)
c:/program files (x86)/cypress/psoc creator/4.4/psoc creator/import/gnu/arm/5.4.1/bin/../lib/gcc/arm-none-eabi/5.4.1/armv7-m\libgcc.a(_arm_addsubdf3.o)
                              .\CortexM3\ARM_GCC_541\Debug\XYPlotter.o (__aeabi_dsub)
c:/program files (x86)/cypress/psoc creator/4.4/psoc creator/import/gnu/arm/5.4.1/bin/../lib/gcc/arm-none-eabi/5.4.1/armv7-m\libgcc.a(_arm_truncdfsf2.o)
                              .\CortexM3\ARM_GCC_541\Debug\XYPlotter.o (__aeabi_d2f)
c:/program files (x86)/cypress/psoc creator/4.4/psoc creator/import/gnu/arm/5.4.1/bin/../lib/gcc/arm-none-eabi/5.4.1/armv7-m\libgcc.a(_arm_addsubsf3.o)
                              .\CortexM3\ARM_GCC_541\Debug\XYPlotter.o (__aeabi_i2f)
c:/program files (x86)/cypress/psoc creator/4.4/psoc creator/import/gnu/arm/5.4.1/bin/../lib/gcc/arm-none-eabi/5.4.1/armv7-m\libgcc.a(_arm_muldivsf3.o)
                              .\CortexM3\ARM_GCC_541\Debug\XYPlotter.o (__aeabi_fmul)
c:/program files (x86)/cypress/psoc creator/4.4/psoc creator/import/gnu/arm/5.4.1/bin/../lib/gcc/arm-none-eabi/5.4.1/armv7-m\libgcc.a(_arm_fixsfsi.o)
                              .\CortexM3\ARM_GCC_541\Debug\XYPlotter.o (__aeabi_f2iz)
[...]
Memory Configuration

Name             Origin             Length             Attributes
rom              0x00000000         0x00040000         xr
ram              0x1fff8000         0x00010000         xrw
*default*        0x00000000         0xffffffff

Linker script and memory map

LOAD c:/program files (x86)/cypress/psoc creator/4.4/psoc creator/import/gnu/arm/5.4.1/bin/../lib/gcc/arm-none-eabi/5.4.1/armv7-m/crti.o
LOAD c:/program files (x86)/cypress/psoc creator/4.4/psoc creator/import/gnu/arm/5.4.1/bin/../lib/gcc/arm-none-eabi/5.4.1/armv7-m/crtbegin.o
LOAD c:/program files (x86)/cypress/psoc creator/4.4/psoc creator/import/gnu/arm/5.4.1/bin/../lib/gcc/arm-none-eabi/5.4.1/../../../../arm-none-eabi/lib/armv7-m/crt0.o
START GROUP
LOAD .\CortexM3\ARM_GCC_541\Debug\main.o
LOAD .\CortexM3\ARM_GCC_541\Debug\XYPlotter.o
LOAD .\CortexM3\ARM_GCC_541\Debug\UART.o
LOAD .\CortexM3\ARM_GCC_541\Debug\LedControl.o
LOAD .\CortexM3\ARM_GCC_541\Debug\Sensor.o
LOAD .\CortexM3\ARM_GCC_541\Debug\Servo.o
LOAD .\CortexM3\ARM_GCC_541\Debug\cyfitter_cfg.o
LOAD .\CortexM3\ARM_GCC_541\Debug\cymetadata.o
LOAD .\CortexM3\ARM_GCC_541\Debug\Cm3Start.o
LOAD .\CortexM3\ARM_GCC_541\Debug\Microcontroller.a
LOAD C:\Program Files (x86)\Cypress\PSoC Creator\4.4\PSoC Creator\psoc\content\cycomponentlibrary\CyComponentLibrary.cylib\CortexM3\ARM_GCC_541\Debug\CyComponentLibrary.a
END GROUP
START GROUP
LOAD c:/program files (x86)/cypress/psoc creator/4.4/psoc creator/import/gnu/arm/5.4.1/bin/../lib/gcc/arm-none-eabi/5.4.1/armv7-m\libgcc.a
LOAD c:/program files (x86)/cypress/psoc creator/4.4/psoc creator/import/gnu/arm/5.4.1/bin/../lib/gcc/arm-none-eabi/5.4.1/../../../../arm-none-eabi/lib/armv7-m\libg_nano.a
LOAD c:/program files (x86)/cypress/psoc creator/4.4/psoc creator/import/gnu/arm/5.4.1/bin/../lib/gcc/arm-none-eabi/5.4.1/../../../../arm-none-eabi/lib/armv7-m\libc_nano.a
END GROUP
START GROUP
LOAD c:/program files (x86)/cypress/psoc creator/4.4/psoc creator/import/gnu/arm/5.4.1/bin/../lib/gcc/arm-none-eabi/5.4.1/armv7-m\libgcc.a
LOAD c:/program files (x86)/cypress/psoc creator/4.4/psoc creator/import/gnu/arm/5.4.1/bin/../lib/gcc/arm-none-eabi/5.4.1/../../../../arm-none-eabi/lib/armv7-m\libc_nano.a
END GROUP
LOAD c:/program files (x86)/cypress/psoc creator/4.4/psoc creator/import/gnu/arm/5.4.1/bin/../lib/gcc/arm-none-eabi/5.4.1/armv7-m/crtend.o
LOAD c:/program files (x86)/cypress/psoc creator/4.4/psoc creator/import/gnu/arm/5.4.1/bin/../lib/gcc/arm-none-eabi/5.4.1/armv7-m/crtn.o
START GROUP
LOAD c:/program files (x86)/cypress/psoc creator/4.4/psoc creator/import/gnu/arm/5.4.1/bin/../lib/gcc/arm-none-eabi/5.4.1/armv7-m\libgcc.a
LOAD c:/program files (x86)/cypress/psoc creator/4.4/psoc creator/import/gnu/arm/5.4.1/bin/../lib/gcc/arm-none-eabi/5.4.1/../../../../arm-none-eabi/lib/armv7-m\libc.a
LOAD c:/program files (x86)/cypress/psoc creator/4.4/psoc creator/import/gnu/arm/5.4.1/bin/../lib/gcc/arm-none-eabi/5.4.1/../../../../arm-none-eabi/lib/armv7-m\libnosys.a
END GROUP
                0x00000000                CY_APPL_ORIGIN = 0x0
                0x00000100                CY_FLASH_ROW_SIZE = 0x100
                0x00000020                CY_ECC_ROW_SIZE = 0x20
                0x00000000                CY_EE_IN_BTLDR = 0x0
                0x00000000                CY_APPL_LOADABLE = 0x0
                0x00000800                CY_EE_SIZE = 0x800
                0x00000001                CY_APPL_NUM = 0x1
                0x00000001                CY_APPL_MAX = 0x1
                0x00000040                CY_METADATA_SIZE = 0x40
                0x00000000                CY_APPL_LOADABLE = 0x0
                0x00000000                CY_CHECKSUM_EXCLUDE_SIZE = ALIGN (0x0, CY_FLASH_ROW_SIZE)
                [!provide]                PROVIDE (__cy_heap_start, _end)
                0x00000001                PROVIDE (__cy_region_num, ((__cy_regions_end - __cy_regions) / 0x10))
                0x20008000                PROVIDE (__cy_stack, (ORIGIN (ram) + LENGTH (ram)))
                [!provide]                PROVIDE (__cy_heap_end, (__cy_stack - 0x800))

.cybootloader   0x00000000        0x0
 *(.cybootloader)
                0x00000000                appl1_start = CY_APPL_ORIGIN?CY_APPL_ORIGIN:ALIGN (CY_FLASH_ROW_SIZE)
                0x0001ff00                appl2_start = (appl1_start + ALIGN ((((LENGTH (rom) - appl1_start) - (0x2 * CY_FLASH_ROW_SIZE)) / 0x2), CY_FLASH_ROW_SIZE))
                0x00000000                appl_start = (CY_APPL_NUM == 0x1)?appl1_start:appl2_start
                0x00000000                ecc_offset = ((appl_start / CY_FLASH_ROW_SIZE) * CY_ECC_ROW_SIZE)
                0x00000000                ee_offset = (CY_APPL_LOADABLE && ! (CY_EE_IN_BTLDR))?((CY_EE_SIZE / CY_APPL_MAX) * (CY_APPL_NUM - 0x1)):0x0
                0x00000800                ee_size = (CY_APPL_LOADABLE && ! (CY_EE_IN_BTLDR))?(CY_EE_SIZE / CY_APPL_MAX):CY_EE_SIZE
                [!provide]                PROVIDE (CY_ECC_OFFSET, ecc_offset)

.text           0x00000000     0x22ee
 CREATE_OBJECT_SYMBOLS
                0x00000000                PROVIDE (__cy_interrupt_vector, RomVectors)
 *(.romvectors)
 .romvectors    0x00000000       0x10 .\CortexM3\ARM_GCC_541\Debug\Cm3Start.o
                0x00000000                RomVectors
                0x00000001                ASSERT ((. != __cy_interrupt_vector), No interrupt vector)
                0x00000001                ASSERT (CY_APPL_ORIGIN?(SIZEOF (.cybootloader) <= CY_APPL_ORIGIN):0x1, Wrong image location)
                0x00000010                PROVIDE (__cy_reset, Reset)
 *(.text.Reset)
 .text.Reset    0x00000010       0x18 .\CortexM3\ARM_GCC_541\Debug\Cm3Start.o
                0x00000010                Reset
                0x00000001                ASSERT ((. != __cy_reset), No reset code)
 *(.dma_init)
                0x00000001                ASSERT ((((appl_start + .) <= 0x10000) || 0x1), DMA Init must be within the first 64k of flash)
 *(.text .text.* .gnu.linkonce.t.*)
 .text          0x00000028       0x5c c:/program files (x86)/cypress/psoc creator/4.4/psoc creator/import/gnu/arm/5.4.1/bin/../lib/gcc/arm-none-eabi/5.4.1/armv7-m/crtbegin.o
 .text.main     0x00000084      0x144 .\CortexM3\ARM_GCC_541\Debug\main.o
                0x00000084                main
 .text.calculateSquares
                0x000001c8       0x1c .\CortexM3\ARM_GCC_541\Debug\XYPlotter.o
                0x000001c8                calculateSquares
 .text.initXYPlotter
                0x000001e4       0x18 .\CortexM3\ARM_GCC_541\Debug\XYPlotter.o
                0x000001e4                initXYPlotter
 .text.steppersOff
                0x000001fc       0x34 .\CortexM3\ARM_GCC_541\Debug\XYPlotter.o
                0x000001fc                steppersOff
 .text.moveMotorX
                0x00000230      0x1a4 .\CortexM3\ARM_GCC_541\Debug\XYPlotter.o
                0x00000230                moveMotorX
 .text.moveMotorY
                0x000003d4      0x1a4 .\CortexM3\ARM_GCC_541\Debug\XYPlotter.o
                0x000003d4                moveMotorY
 .text.moveChessPiece
                0x00000578      0x160 .\CortexM3\ARM_GCC_541\Debug\XYPlotter.o
                0x00000578                moveChessPiece
 .text.moveHome
                0x000006d8       0x3c .\CortexM3\ARM_GCC_541\Debug\XYPlotter.o
                0x000006d8                moveHome
 .text.UARTHandler
                0x00000714      0x16c .\CortexM3\ARM_GCC_541\Debug\UART.o
                0x00000714                UARTHandler
 .text.isr_uart_rx_handler
                0x00000880       0x34 .\CortexM3\ARM_GCC_541\Debug\UART.o
                0x00000880                isr_uart_rx_handler
 .text.initUART
                0x000008b4       0x14 .\CortexM3\ARM_GCC_541\Debug\UART.o
                0x000008b4                initUART
 .text.UARTLedTest
                0x000008c8       0x3c .\CortexM3\ARM_GCC_541\Debug\UART.o
                0x000008c8                UARTLedTest
 .text.PWM_ISR_handler
                0x00000904       0x50 .\CortexM3\ARM_GCC_541\Debug\LedControl.o
                0x00000904                PWM_ISR_handler
 .text.pwmLedInterrupt
                0x00000954       0x50 .\CortexM3\ARM_GCC_541\Debug\LedControl.o
                0x00000954                pwmLedInterrupt
 .text.setLEDs  0x000009a4      0x100 .\CortexM3\ARM_GCC_541\Debug\LedControl.o
                0x000009a4                setLEDs
 .text.onlyDeadPosLED
                0x00000aa4       0x48 .\CortexM3\ARM_GCC_541\Debug\LedControl.o
                0x00000aa4                onlyDeadPosLED
 .text.turnOffLEDs
                0x00000aec       0x1c .\CortexM3\ARM_GCC_541\Debug\LedControl.o
                0x00000aec                turnOffLEDs
 .text.moveAcceptedLED
                0x00000b08       0x58 .\CortexM3\ARM_GCC_541\Debug\LedControl.o
                0x00000b08                moveAcceptedLED
 .text.initLED  0x00000b60       0x28 .\CortexM3\ARM_GCC_541\Debug\LedControl.o
                0x00000b60                initLED
 .text.updateLastSquareReg
                0x00000b88       0x1c .\CortexM3\ARM_GCC_541\Debug\Sensor.o
                0x00000b88                updateLastSquareReg
 .text.sensorReset
                0x00000ba4       0x18 .\CortexM3\ARM_GCC_541\Debug\Sensor.o
                0x00000ba4                sensorReset
 .text.sensorScan
                0x00000bbc       0x70 .\CortexM3\ARM_GCC_541\Debug\Sensor.o
                0x00000bbc                sensorScan
 .text.scan4PieceLift
                0x00000c2c       0x60 .\CortexM3\ARM_GCC_541\Debug\Sensor.o
                0x00000c2c                scan4PieceLift
 .text.scanNewPos
                0x00000c8c       0x4c .\CortexM3\ARM_GCC_541\Debug\Sensor.o
                0x00000c8c                scanNewPos
 .text.scan4DeadOpp
                0x00000cd8       0x68 .\CortexM3\ARM_GCC_541\Debug\Sensor.o
                0x00000cd8                scan4DeadOpp
 .text.newPosLegal
                0x00000d40       0x4c .\CortexM3\ARM_GCC_541\Debug\Sensor.o
                0x00000d40                newPosLegal
 .text.initSensor
                0x00000d8c       0x2c .\CortexM3\ARM_GCC_541\Debug\Sensor.o
                0x00000d8c                initSensor
 .text.servoOn  0x00000db8       0x14 .\CortexM3\ARM_GCC_541\Debug\Servo.o
                0x00000db8                servoOn
 .text.servoOff
                0x00000dcc       0x14 .\CortexM3\ARM_GCC_541\Debug\Servo.o
                0x00000dcc                servoOff
 .text.initServo
                0x00000de0        0xc .\CortexM3\ARM_GCC_541\Debug\Servo.o
                0x00000de0                initServo
 .text.CyClockStartupError
                0x00000dec        0x4 .\CortexM3\ARM_GCC_541\Debug\cyfitter_cfg.o
 .text.cfg_write_bytes32
                0x00000df0       0x34 .\CortexM3\ARM_GCC_541\Debug\cyfitter_cfg.o
 .text.AnalogSetDefault
                0x00000e24       0x28 .\CortexM3\ARM_GCC_541\Debug\cyfitter_cfg.o
 .text.ClockSetup
                0x00000e4c       0xd8 .\CortexM3\ARM_GCC_541\Debug\cyfitter_cfg.o
 .text.CYMEMZERO
                0x00000f24        0xc .\CortexM3\ARM_GCC_541\Debug\cyfitter_cfg.o
 .text.CYCONFIGCPY
                0x00000f30        0x8 .\CortexM3\ARM_GCC_541\Debug\cyfitter_cfg.o
 .text.cyfitter_cfg
                0x00000f38      0x124 .\CortexM3\ARM_GCC_541\Debug\cyfitter_cfg.o
                0x00000f38                cyfitter_cfg
 .text.IntDefaultHandler
                0x0000105c       0x10 .\CortexM3\ARM_GCC_541\Debug\Cm3Start.o
                0x0000105c                IntDefaultHandler
 .text.Start_c  0x0000106c       0x4c .\CortexM3\ARM_GCC_541\Debug\Cm3Start.o
                0x0000106c                Start_c
 .text.initialize_psoc
                0x000010b8       0x68 .\CortexM3\ARM_GCC_541\Debug\Cm3Start.o
                0x000010b8                initialize_psoc
 .text.UART_1_Init
                0x00001120       0x5c .\CortexM3\ARM_GCC_541\Debug\Microcontroller.a(UART_1.o)
                0x00001120                UART_1_Init
 .text.UART_1_Enable
                0x0000117c       0x50 .\CortexM3\ARM_GCC_541\Debug\Microcontroller.a(UART_1.o)
                0x0000117c                UART_1_Enable
 .text.UART_1_Start
                0x000011cc       0x1c .\CortexM3\ARM_GCC_541\Debug\Microcontroller.a(UART_1.o)
                0x000011cc                UART_1_Start
 .text.UART_1_ReadRxData
                0x000011e8       0x64 .\CortexM3\ARM_GCC_541\Debug\Microcontroller.a(UART_1.o)
                0x000011e8                UART_1_ReadRxData
 .text.UART_1_GetChar
                0x0000124c       0x80 .\CortexM3\ARM_GCC_541\Debug\Microcontroller.a(UART_1.o)
                0x0000124c                UART_1_GetChar
 .text.UART_1_GetRxBufferSize
                0x000012cc       0x60 .\CortexM3\ARM_GCC_541\Debug\Microcontroller.a(UART_1.o)
                0x000012cc                UART_1_GetRxBufferSize
 .text.UART_1_ClearRxBuffer
                0x0000132c       0x44 .\CortexM3\ARM_GCC_541\Debug\Microcontroller.a(UART_1.o)
                0x0000132c                UART_1_ClearRxBuffer
 .text.UART_1_WriteTxData
                0x00001370       0x60 .\CortexM3\ARM_GCC_541\Debug\Microcontroller.a(UART_1.o)
                0x00001370                UART_1_WriteTxData
 .text.UART_1_PutChar
                0x000013d0       0x70 .\CortexM3\ARM_GCC_541\Debug\Microcontroller.a(UART_1.o)
                0x000013d0                UART_1_PutChar
 .text.UART_1_RXISR
                0x00001440       0x98 .\CortexM3\ARM_GCC_541\Debug\Microcontroller.a(UART_1_INT.o)
                0x00001440                UART_1_RXISR
 .text.UART_1_TXISR
                0x000014d8       0x58 .\CortexM3\ARM_GCC_541\Debug\Microcontroller.a(UART_1_INT.o)
                0x000014d8                UART_1_TXISR
 .text.isr_uart_rx_SetVector
                0x00001530        0xc .\CortexM3\ARM_GCC_541\Debug\Microcontroller.a(isr_uart_rx.o)
                0x00001530                isr_uart_rx_SetVector
 .text.isr_uart_rx_SetPriority
                0x0000153c       0x10 .\CortexM3\ARM_GCC_541\Debug\Microcontroller.a(isr_uart_rx.o)
                0x0000153c                isr_uart_rx_SetPriority
 .text.isr_uart_rx_Enable
                0x0000154c        0xc .\CortexM3\ARM_GCC_541\Debug\Microcontroller.a(isr_uart_rx.o)
                0x0000154c                isr_uart_rx_Enable
 .text.isr_uart_rx_Disable
                0x00001558        0xc .\CortexM3\ARM_GCC_541\Debug\Microcontroller.a(isr_uart_rx.o)
                0x00001558                isr_uart_rx_Disable
 .text.isr_uart_rx_StartEx
                0x00001564       0x1c .\CortexM3\ARM_GCC_541\Debug\Microcontroller.a(isr_uart_rx.o)
                0x00001564                isr_uart_rx_StartEx
 .text.P2_3_Write
                0x00001580       0x18 .\CortexM3\ARM_GCC_541\Debug\Microcontroller.a(P2_3.o)
                0x00001580                P2_3_Write
 .text.P2_4_Write
                0x00001598       0x18 .\CortexM3\ARM_GCC_541\Debug\Microcontroller.a(P2_4.o)
                0x00001598                P2_4_Write
 .text.P2_5_Write
                0x000015b0       0x18 .\CortexM3\ARM_GCC_541\Debug\Microcontroller.a(P2_5.o)
                0x000015b0                P2_5_Write
 .text.P2_6_Write
                0x000015c8       0x18 .\CortexM3\ARM_GCC_541\Debug\Microcontroller.a(P2_6.o)
                0x000015c8                P2_6_Write
 .text.P3_3_Write
                0x000015e0       0x18 .\CortexM3\ARM_GCC_541\Debug\Microcontroller.a(P3_3.o)
                0x000015e0                P3_3_Write
 .text.P3_4_Write
                0x000015f8       0x18 .\CortexM3\ARM_GCC_541\Debug\Microcontroller.a(P3_4.o)
                0x000015f8                P3_4_Write
 .text.P3_5_Write
                0x00001610       0x18 .\CortexM3\ARM_GCC_541\Debug\Microcontroller.a(P3_5.o)
                0x00001610                P3_5_Write
 .text.P3_6_Write
                0x00001628       0x18 .\CortexM3\ARM_GCC_541\Debug\Microcontroller.a(P3_6.o)
                0x00001628                P3_6_Write
 .text.UART_1_IntClock_Start
                0x00001640       0x1c .\CortexM3\ARM_GCC_541\Debug\Microcontroller.a(UART_1_IntClock.o)
                0x00001640                UART_1_IntClock_Start
 .text.CyHalt   0x0000165c        0x4 .\CortexM3\ARM_GCC_541\Debug\Microcontroller.a(CyLib.o)
                0x0000165c                CyHalt
 .text.CySoftwareReset
                0x00001660       0x10 .\CortexM3\ARM_GCC_541\Debug\Microcontroller.a(CyLib.o)
                0x00001660                CySoftwareReset
 .text.CyDelay  0x00001670       0x2c .\CortexM3\ARM_GCC_541\Debug\Microcontroller.a(CyLib.o)
                0x00001670                CyDelay
 .text.CyDelayUs
                0x0000169c       0x14 .\CortexM3\ARM_GCC_541\Debug\Microcontroller.a(CyLib.o)
                0x0000169c                CyDelayUs
 .text.CyIntSetVector
                0x000016b0       0x28 .\CortexM3\ARM_GCC_541\Debug\Microcontroller.a(CyLib.o)
                0x000016b0                CyIntSetVector
 .text.CyIntSetPriority
                0x000016d8       0x30 .\CortexM3\ARM_GCC_541\Debug\Microcontroller.a(CyLib.o)
                0x000016d8                CyIntSetPriority
 .text.PWM_Enable
                0x00001708       0x10 .\CortexM3\ARM_GCC_541\Debug\Microcontroller.a(PWM.o)
                0x00001708                PWM_Enable
 .text.PWM_Stop
                0x00001718       0x10 .\CortexM3\ARM_GCC_541\Debug\Microcontroller.a(PWM.o)
                0x00001718                PWM_Stop
 .text.PWM_WriteCounter
                0x00001728        0xc .\CortexM3\ARM_GCC_541\Debug\Microcontroller.a(PWM.o)
                0x00001728                PWM_WriteCounter
 .text.PWM_WritePeriod
                0x00001734        0xc .\CortexM3\ARM_GCC_541\Debug\Microcontroller.a(PWM.o)
                0x00001734                PWM_WritePeriod
 .text.PWM_WriteCompare
                0x00001740        0xc .\CortexM3\ARM_GCC_541\Debug\Microcontroller.a(PWM.o)
                0x00001740                PWM_WriteCompare
 .text.PWM_SetInterruptMode
                0x0000174c        0xc .\CortexM3\ARM_GCC_541\Debug\Microcontroller.a(PWM.o)
                0x0000174c                PWM_SetInterruptMode
 .text.PWM_ReadStatusRegister
                0x00001758        0xc .\CortexM3\ARM_GCC_541\Debug\Microcontroller.a(PWM.o)
                0x00001758                PWM_ReadStatusRegister
 .text.PWM_ReadCapture
                0x00001764        0xc .\CortexM3\ARM_GCC_541\Debug\Microcontroller.a(PWM.o)
                0x00001764                PWM_ReadCapture
 .text.PWM_ClearFIFO
                0x00001770       0x14 .\CortexM3\ARM_GCC_541\Debug\Microcontroller.a(PWM.o)
                0x00001770                PWM_ClearFIFO
 .text.PWM_Init
                0x00001784       0x50 .\CortexM3\ARM_GCC_541\Debug\Microcontroller.a(PWM.o)
                0x00001784                PWM_Init
 .text.PWM_Start
                0x000017d4       0x1c .\CortexM3\ARM_GCC_541\Debug\Microcontroller.a(PWM.o)
                0x000017d4                PWM_Start
 .text.isr_PWM_SetVector
                0x000017f0        0xc .\CortexM3\ARM_GCC_541\Debug\Microcontroller.a(isr_PWM.o)
                0x000017f0                isr_PWM_SetVector
 .text.isr_PWM_SetPriority
                0x000017fc       0x10 .\CortexM3\ARM_GCC_541\Debug\Microcontroller.a(isr_PWM.o)
                0x000017fc                isr_PWM_SetPriority
 .text.isr_PWM_Enable
                0x0000180c        0xc .\CortexM3\ARM_GCC_541\Debug\Microcontroller.a(isr_PWM.o)
                0x0000180c                isr_PWM_Enable
 .text.isr_PWM_Disable
                0x00001818        0xc .\CortexM3\ARM_GCC_541\Debug\Microcontroller.a(isr_PWM.o)
                0x00001818                isr_PWM_Disable
 .text.isr_PWM_StartEx
                0x00001824       0x1c .\CortexM3\ARM_GCC_541\Debug\Microcontroller.a(isr_PWM.o)
                0x00001824                isr_PWM_StartEx
 .text.Control_Reg_1_Write
                0x00001840        0xc .\CortexM3\ARM_GCC_541\Debug\Microcontroller.a(Control_Reg_1.o)
                0x00001840                Control_Reg_1_Write
 .text.LED_1_Write
                0x0000184c       0x18 .\CortexM3\ARM_GCC_541\Debug\Microcontroller.a(LED_1.o)
                0x0000184c                LED_1_Write
 .text.sensorClk_Write
                0x00001864       0x18 .\CortexM3\ARM_GCC_541\Debug\Microcontroller.a(sensorClk.o)
                0x00001864                sensorClk_Write
 .text.sensorSignal_Read
                0x0000187c       0x10 .\CortexM3\ARM_GCC_541\Debug\Microcontroller.a(sensorSignal.o)
                0x0000187c                sensorSignal_Read
 .text.sensorReset_Write
                0x0000188c       0x18 .\CortexM3\ARM_GCC_541\Debug\Microcontroller.a(sensorReset.o)
                0x0000188c                sensorReset_Write
 .text.ServoPWM_Enable
                0x000018a4       0x10 .\CortexM3\ARM_GCC_541\Debug\Microcontroller.a(ServoPWM.o)
                0x000018a4                ServoPWM_Enable
 .text.ServoPWM_WriteCounter
                0x000018b4        0xc .\CortexM3\ARM_GCC_541\Debug\Microcontroller.a(ServoPWM.o)
                0x000018b4                ServoPWM_WriteCounter
 .text.ServoPWM_WritePeriod
                0x000018c0        0xc .\CortexM3\ARM_GCC_541\Debug\Microcontroller.a(ServoPWM.o)
                0x000018c0                ServoPWM_WritePeriod
 .text.ServoPWM_WriteCompare
                0x000018cc        0xc .\CortexM3\ARM_GCC_541\Debug\Microcontroller.a(ServoPWM.o)
                0x000018cc                ServoPWM_WriteCompare
 .text.ServoPWM_Init
                0x000018d8       0x44 .\CortexM3\ARM_GCC_541\Debug\Microcontroller.a(ServoPWM.o)
                0x000018d8                ServoPWM_Init
 .text.ServoPWM_Start
                0x0000191c       0x1c .\CortexM3\ARM_GCC_541\Debug\Microcontroller.a(ServoPWM.o)
                0x0000191c                ServoPWM_Start
 .text          0x00001938       0x20 .\CortexM3\ARM_GCC_541\Debug\Microcontroller.a(CyBootAsmGnu.o)
                0x00001938                CyDelayCycles
                0x00001948                CyEnterCriticalSection
                0x00001950                CyExitCriticalSection
 .text          0x00001958      0x370 c:/program files (x86)/cypress/psoc creator/4.4/psoc creator/import/gnu/arm/5.4.1/bin/../lib/gcc/arm-none-eabi/5.4.1/armv7-m\libgcc.a(_arm_addsubdf3.o)
                0x00001958                __aeabi_drsub
                0x00001960                __aeabi_dsub
                0x00001960                __subdf3
                0x00001964                __aeabi_dadd
                0x00001964                __adddf3
                0x00001bdc                __floatunsidf
                0x00001bdc                __aeabi_ui2d
                0x00001bfc                __floatsidf
                0x00001bfc                __aeabi_i2d
                0x00001c20                __aeabi_f2d
                0x00001c20                __extendsfdf2
                0x00001c5c                __floatundidf
                0x00001c5c                __aeabi_ul2d
                0x00001c6c                __floatdidf
                0x00001c6c                __aeabi_l2d
 .text          0x00001cc8       0xa0 c:/program files (x86)/cypress/psoc creator/4.4/psoc creator/import/gnu/arm/5.4.1/bin/../lib/gcc/arm-none-eabi/5.4.1/armv7-m\libgcc.a(_arm_truncdfsf2.o)
                0x00001cc8                __truncdfsf2
                0x00001cc8                __aeabi_d2f
 .text          0x00001d68      0x21c c:/program files (x86)/cypress/psoc creator/4.4/psoc creator/import/gnu/arm/5.4.1/bin/../lib/gcc/arm-none-eabi/5.4.1/armv7-m\libgcc.a(_arm_addsubsf3.o)
                0x00001d68                __aeabi_frsub
                0x00001d70                __subsf3
                0x00001d70                __aeabi_fsub
                0x00001d74                __aeabi_fadd
                0x00001d74                __addsf3
                0x00001ed4                __aeabi_ui2f
                0x00001ed4                __floatunsisf
                0x00001edc                __aeabi_i2f
                0x00001edc                __floatsisf
                0x00001ef8                __aeabi_ul2f
                0x00001ef8                __floatundisf
                0x00001f08                __aeabi_l2f
                0x00001f08                __floatdisf
 .text          0x00001f84      0x2a0 c:/program files (x86)/cypress/psoc creator/4.4/psoc creator/import/gnu/arm/5.4.1/bin/../lib/gcc/arm-none-eabi/5.4.1/armv7-m\libgcc.a(_arm_muldivsf3.o)
                0x00001f84                __mulsf3
                0x00001f84                __aeabi_fmul
                0x000020ec                __aeabi_fdiv
                0x000020ec                __divsf3
 .text          0x00002224       0x4c c:/program files (x86)/cypress/psoc creator/4.4/psoc creator/import/gnu/arm/5.4.1/bin/../lib/gcc/arm-none-eabi/5.4.1/armv7-m\libgcc.a(_arm_fixsfsi.o)
                0x00002224                __aeabi_f2iz
                0x00002224                __fixsfsi
 .text.__errno  0x00002270        0xc c:/program files (x86)/cypress/psoc creator/4.4/psoc creator/import/gnu/arm/5.4.1/bin/../lib/gcc/arm-none-eabi/5.4.1/../../../../arm-none-eabi/lib/armv7-m\libg_nano.a(lib_a-errno.o)
                0x00002270                __errno
 .text.__libc_init_array
                0x0000227c       0x4c c:/program files (x86)/cypress/psoc creator/4.4/psoc creator/import/gnu/arm/5.4.1/bin/../lib/gcc/arm-none-eabi/5.4.1/../../../../arm-none-eabi/lib/armv7-m\libg_nano.a(lib_a-init.o)
                0x0000227c                __libc_init_array
 .text.memcpy   0x000022c8       0x16 c:/program files (x86)/cypress/psoc creator/4.4/psoc creator/import/gnu/arm/5.4.1/bin/../lib/gcc/arm-none-eabi/5.4.1/../../../../arm-none-eabi/lib/armv7-m\libg_nano.a(lib_a-memcpy-stub.o)
                0x000022c8                memcpy
 .text.memset   0x000022de       0x10 c:/program files (x86)/cypress/psoc creator/4.4/psoc creator/import/gnu/arm/5.4.1/bin/../lib/gcc/arm-none-eabi/5.4.1/../../../../arm-none-eabi/lib/armv7-m\libg_nano.a(lib_a-memset.o)
                0x000022de                memset
 *(.plt)
 *(.gnu.warning)
 *(.glue_7t)
 .glue_7t       0x000022ee        0x0 linker stubs
 *(.glue_7)
 .glue_7        0x000022ee        0x0 linker stubs
 *(.vfp11_veneer)
 .vfp11_veneer  0x000022ee        0x0 linker stubs
 *(.bootloader)
 *(.ARM.extab* .gnu.linkonce.armextab.*)
 *(.gcc_except_table)

.v4_bx          0x000022f0        0x0
 .v4_bx         0x000022f0        0x0 linker stubs

.iplt           0x000022f0        0x0
 .iplt          0x000022f0        0x0 c:/program files (x86)/cypress/psoc creator/4.4/psoc creator/import/gnu/arm/5.4.1/bin/../lib/gcc/arm-none-eabi/5.4.1/armv7-m/crtbegin.o

.eh_frame_hdr
 *(.eh_frame_hdr)

.eh_frame       0x000022f0        0x4
 *(.eh_frame)
 .eh_frame      0x000022f0        0x0 c:/program files (x86)/cypress/psoc creator/4.4/psoc creator/import/gnu/arm/5.4.1/bin/../lib/gcc/arm-none-eabi/5.4.1/armv7-m/crtbegin.o
 .eh_frame      0x000022f0        0x4 c:/program files (x86)/cypress/psoc creator/4.4/psoc creator/import/gnu/arm/5.4.1/bin/../lib/gcc/arm-none-eabi/5.4.1/armv7-m/crtend.o
                [!provide]                PROVIDE (__exidx_start, .)

.ARM.exidx
 *(.ARM.exidx* .gnu.linkonce.armexidx.*)
                0x000022f4                __exidx_end = .

.rodata         0x000022f4       0x74
 *(.rodata .rodata.* .gnu.linkonce.r.*)
 .rodata        0x000022f4       0x3a .\CortexM3\ARM_GCC_541\Debug\cyfitter_cfg.o
 .rodata.str1.1
                0x0000232e        0x2 c:/program files (x86)/cypress/psoc creator/4.4/psoc creator/import/gnu/arm/5.4.1/bin/../lib/gcc/arm-none-eabi/5.4.1/../../../../arm-none-eabi/lib/armv7-m\libg_nano.a(lib_a-impure.o)
                0x00002330                . = ALIGN (0x4)
 *(.init)
 .init          0x00002330        0x4 c:/program files (x86)/cypress/psoc creator/4.4/psoc creator/import/gnu/arm/5.4.1/bin/../lib/gcc/arm-none-eabi/5.4.1/armv7-m/crti.o
                0x00002330                _init
 .init          0x00002334        0x8 c:/program files (x86)/cypress/psoc creator/4.4/psoc creator/import/gnu/arm/5.4.1/bin/../lib/gcc/arm-none-eabi/5.4.1/armv7-m/crtn.o
                0x0000233c                . = ALIGN (0x4)
                0x0000233c                __preinit_array_start = .
 *(.preinit_array)
                0x0000233c                __preinit_array_end = .
                0x0000233c                . = ALIGN (0x4)
                0x0000233c                __init_array_start = .
 *(SORT(.init_array.*))
 *(.init_array)
 .init_array    0x0000233c        0x4 c:/program files (x86)/cypress/psoc creator/4.4/psoc creator/import/gnu/arm/5.4.1/bin/../lib/gcc/arm-none-eabi/5.4.1/armv7-m/crtbegin.o
 .init_array    0x00002340        0x4 .\CortexM3\ARM_GCC_541\Debug\Cm3Start.o
                0x00002344                __init_array_end = .
                0x00002344                . = ALIGN (0x4)
 *(.fini)
 .fini          0x00002344        0x4 c:/program files (x86)/cypress/psoc creator/4.4/psoc creator/import/gnu/arm/5.4.1/bin/../lib/gcc/arm-none-eabi/5.4.1/armv7-m/crti.o
                0x00002344                _fini
 .fini          0x00002348        0x8 c:/program files (x86)/cypress/psoc creator/4.4/psoc creator/import/gnu/arm/5.4.1/bin/../lib/gcc/arm-none-eabi/5.4.1/armv7-m/crtn.o
                0x00002350                . = ALIGN (0x4)
                0x00002350                __fini_array_start = .
 *(.fini_array)
 .fini_array    0x00002350        0x4 c:/program files (x86)/cypress/psoc creator/4.4/psoc creator/import/gnu/arm/5.4.1/bin/../lib/gcc/arm-none-eabi/5.4.1/armv7-m/crtbegin.o
 *(SORT(.fini_array.*))
                0x00002354                __fini_array_end = .
                0x00002354                . = ALIGN (0x4)
 *crtbegin.o(.ctors)
 *(EXCLUDE_FILE(*crtend.o) .ctors)
 *(SORT(.ctors.*))
 *crtend.o(.ctors)
                0x00002354                . = ALIGN (0x4)
 *crtbegin.o(.dtors)
 *(EXCLUDE_FILE(*crtend.o) .dtors)
 *(SORT(.dtors.*))
 *crtend.o(.dtors)
                0x00002354                . = ALIGN (0x4)
                0x00002354                __cy_regions = .
                0x00002354        0x4 LONG 0x2368 __cy_region_init_ram
                0x00002358        0x4 LONG 0x1fff80c8 __cy_region_start_data
                0x0000235c        0x4 LONG 0xb8 __cy_region_init_size_ram
                0x00002360        0x4 LONG 0x218 __cy_region_zero_size_ram
                0x00002364                __cy_regions_end = .
                0x00002368                . = ALIGN (0x8)
 *fill*         0x00002364        0x4 
                0x00002368                _etext = .

.cy_checksum_exclude
                0x00002368        0x0
 *(.cy_checksum_exclude)

.ramvectors     0x1fff8000       0xc0
                0x1fff8000                __cy_region_start_ram = .
 *(.ramvectors)
 .ramvectors    0x1fff8000       0xc0 .\CortexM3\ARM_GCC_541\Debug\Cm3Start.o
                0x1fff8000                CyRamVectors

.noinit         0x1fff80c0        0x1
 *(.noinit)
 .noinit        0x1fff80c0        0x1 .\CortexM3\ARM_GCC_541\Debug\Microcontroller.a(CyLib.o)
                0x1fff80c0                CyResetStatus

.data           0x1fff80c8       0xb8 load address 0x00002368
                0x1fff80c8                __cy_region_start_data = .
 *(.jcr)
 .jcr           0x1fff80c8        0x0 c:/program files (x86)/cypress/psoc creator/4.4/psoc creator/import/gnu/arm/5.4.1/bin/../lib/gcc/arm-none-eabi/5.4.1/armv7-m/crtbegin.o
 .jcr           0x1fff80c8        0x4 c:/program files (x86)/cypress/psoc creator/4.4/psoc creator/import/gnu/arm/5.4.1/bin/../lib/gcc/arm-none-eabi/5.4.1/armv7-m/crtend.o
 *(.got.plt)
 *(.got)
 *(.shdata)
 *(.data .data.* .gnu.linkonce.d.*)
 .data          0x1fff80cc       0x40 .\CortexM3\ARM_GCC_541\Debug\LedControl.o
                0x1fff80cc                whiteSquareArray
 .data          0x1fff810c       0x10 .\CortexM3\ARM_GCC_541\Debug\Microcontroller.a(CyLib.o)
                0x1fff810c                cydelay_32k_ms
                0x1fff8110                cydelay_freq_khz
                0x1fff8114                cydelay_freq_mhz
                0x1fff8118                cydelay_freq_hz
 .data.impure_data
                0x1fff811c       0x60 c:/program files (x86)/cypress/psoc creator/4.4/psoc creator/import/gnu/arm/5.4.1/bin/../lib/gcc/arm-none-eabi/5.4.1/../../../../arm-none-eabi/lib/armv7-m\libg_nano.a(lib_a-impure.o)
 .data._impure_ptr
                0x1fff817c        0x4 c:/program files (x86)/cypress/psoc creator/4.4/psoc creator/import/gnu/arm/5.4.1/bin/../lib/gcc/arm-none-eabi/5.4.1/../../../../arm-none-eabi/lib/armv7-m\libg_nano.a(lib_a-impure.o)
                0x1fff817c                _impure_ptr
                0x1fff8180                . = ALIGN (0x8)
 *(.ram)
                0x1fff8180                _edata = .

.igot.plt       0x1fff8180        0x0 load address 0x00002420
 .igot.plt      0x1fff8180        0x0 c:/program files (x86)/cypress/psoc creator/4.4/psoc creator/import/gnu/arm/5.4.1/bin/../lib/gcc/arm-none-eabi/5.4.1/armv7-m/crtbegin.o

.bss            0x1fff8180      0x218 load address 0x00002420
                0x1fff8180                PROVIDE (__bss_start__, .)
 *(.shbss)
 *(.bss .bss.* .gnu.linkonce.b.*)
 .bss           0x1fff8180       0x1c c:/program files (x86)/cypress/psoc creator/4.4/psoc creator/import/gnu/arm/5.4.1/bin/../lib/gcc/arm-none-eabi/5.4.1/armv7-m/crtbegin.o
 .bss           0x1fff819c        0x9 .\CortexM3\ARM_GCC_541\Debug\Microcontroller.a(UART_1.o)
                0x1fff819c                UART_1_errorStatus
                0x1fff819d                UART_1_initVar
                0x1fff819e                UART_1_rxBufferRead
                0x1fff819f                UART_1_rxBufferWrite
                0x1fff81a0                UART_1_rxBufferLoopDetect
                0x1fff81a1                UART_1_rxBufferOverflow
                0x1fff81a2                UART_1_txBufferRead
                0x1fff81a3                UART_1_txBufferWrite
 .bss           0x1fff81a5        0x1 .\CortexM3\ARM_GCC_541\Debug\Microcontroller.a(PWM.o)
                0x1fff81a5                PWM_initVar
 .bss           0x1fff81a6        0x1 .\CortexM3\ARM_GCC_541\Debug\Microcontroller.a(ServoPWM.o)
                0x1fff81a6                ServoPWM_initVar
 *(COMMON)
 *fill*         0x1fff81a7        0x1 
 COMMON         0x1fff81a8      0x1d6 .\CortexM3\ARM_GCC_541\Debug\main.o
                0x1fff81a8                pieceLifted
                0x1fff81ac                ledArray
                0x1fff81ec                legalMoves
                0x1fff822c                currentSquare
                0x1fff8230                squareReg
                0x1fff8270                byteIndex
                0x1fff8272                liftPos
                0x1fff8274                end
                0x1fff8278                lastSquareReg
                0x1fff82b8                ledData
                0x1fff8378                deadPieceLifted
                0x1fff8379                startChar
                0x1fff837a                stepCase
                0x1fff837b                bitIndex
                0x1fff837c                newPos
                0x1fff837d                deadLiftPos
 *fill*         0x1fff837e        0x2 
 COMMON         0x1fff8380       0x15 .\CortexM3\ARM_GCC_541\Debug\Microcontroller.a(UART_1.o)
                0x1fff8380                UART_1_txBuffer
                0x1fff838c                UART_1_rxBuffer
                0x1fff8398                . = ALIGN (0x8)
 *fill*         0x1fff8395        0x3 
 *(.ram.b)
                0x1fff8398                _end = .
                0x1fff8398                __end = .
                [!provide]                PROVIDE (end, .)
                0x1fff8398                PROVIDE (__bss_end__, .)
                0x00002368                __cy_region_init_ram = LOADADDR (.data)
                0x000000b8                __cy_region_init_size_ram = (_edata - ADDR (.data))
                0x00000218                __cy_region_zero_size_ram = (_end - _edata)

.heap           0x1fff8398       0x80 load address 0x00002420
                0x1fff8398                . = _end
                0x1fff8418                . = (. + 0x80)
 *fill*         0x1fff8398       0x80 
                0x1fff8418                __cy_heap_limit = .

.stack          0x20007800      0x800
                0x20007800                __cy_stack_limit = .
                0x20008000                . = (. + 0x800)
 *fill*         0x20007800      0x800 
                0x00000001                ASSERT ((__cy_stack_limit >= __cy_heap_limit), region RAM overflowed with stack)
                0x00000000                cy_checksum_exclude_size = (CY_APPL_LOADABLE == 0x1)?SIZEOF (.cy_checksum_exclude):0x0
                0x00000001                ASSERT ((cy_checksum_exclude_size <= CY_CHECKSUM_EXCLUDE_SIZE), CY_BOOT: Section .cy_checksum_exclude size exceedes specified limit.)

.cyloadermeta
 *(.cyloadermeta)

.cyloadablemeta
 *(.cyloadablemeta)

.cyconfigecc    0x80000000      0x5ac
 *(.cyconfigecc)
 .cyconfigecc   0x80000000      0x5ac .\CortexM3\ARM_GCC_541\Debug\cymetadata.o
                0x80000000                cy_meta_configecc

.cycustnvl      0x90000000        0x4
 *(.cycustnvl)
 .cycustnvl     0x90000000        0x4 .\CortexM3\ARM_GCC_541\Debug\cymetadata.o
                0x90000000                cy_meta_custnvl

.cywolatch      0x90100000        0x4
 *(.cywolatch)
 .cywolatch     0x90100000        0x4 .\CortexM3\ARM_GCC_541\Debug\cymetadata.o
                0x90100000                cy_meta_wonvl

.cyeeprom       0x90200000        0x0
 *(.cyeeprom)
                0x00000001                ASSERT ((. <= ((0x90200000 + ee_offset) + ee_size)), .cyeeprom data will not fit in EEPROM)

.cyflashprotect
                0x90400000      0x100
 *(.cyflashprotect)
 .cyflashprotect
                0x90400000      0x100 .\CortexM3\ARM_GCC_541\Debug\cymetadata.o
                0x90400000                cy_meta_flashprotect

.cymeta         0x90500000        0xc
 *(.cymeta)
 .cymeta        0x90500000        0xc .\CortexM3\ARM_GCC_541\Debug\cymetadata.o
                0x90500000                cy_metadata

.rel.dyn        0x00002420        0x0 load address 0x9050000c
 .rel.iplt      0x00002420        0x0 c:/program files (x86)/cypress/psoc creator/4.4/psoc creator/import/gnu/arm/5.4.1/bin/../lib/gcc/arm-none-eabi/5.4.1/armv7-m/crtbegin.o

.stab
 *(.stab)

.stabstr
 *(.stabstr)

.debug
 *(.debug)

.line
 *(.line)

.debug_srcinfo
 *(.debug_srcinfo)

.debug_sfnames
 *(.debug_sfnames)

.debug_aranges  0x00000000      0xd28
 *(.debug_aranges)
 .debug_aranges
                0x00000000       0x20 .\CortexM3\ARM_GCC_541\Debug\main.o
 .debug_aranges
                0x00000020       0x60 .\CortexM3\ARM_GCC_541\Debug\XYPlotter.o
 .debug_aranges
                0x00000080       0x40 .\CortexM3\ARM_GCC_541\Debug\UART.o
 .debug_aranges
                0x000000c0       0x58 .\CortexM3\ARM_GCC_541\Debug\LedControl.o
 .debug_aranges
                0x00000118       0x60 .\CortexM3\ARM_GCC_541\Debug\Sensor.o
 .debug_aranges
                0x00000178       0x30 .\CortexM3\ARM_GCC_541\Debug\Servo.o
 .debug_aranges
                0x000001a8       0x58 .\CortexM3\ARM_GCC_541\Debug\cyfitter_cfg.o
 .debug_aranges
                0x00000200       0x18 .\CortexM3\ARM_GCC_541\Debug\cymetadata.o
 .debug_aranges
                0x00000218       0x48 .\CortexM3\ARM_GCC_541\Debug\Cm3Start.o
 .debug_aranges
                0x00000260       0xf0 .\CortexM3\ARM_GCC_541\Debug\Microcontroller.a(UART_1.o)
 .debug_aranges
                0x00000350       0x28 .\CortexM3\ARM_GCC_541\Debug\Microcontroller.a(UART_1_INT.o)
 .debug_aranges
                0x00000378       0x80 .\CortexM3\ARM_GCC_541\Debug\Microcontroller.a(isr_uart_rx.o)
 .debug_aranges
                0x000003f8       0x38 .\CortexM3\ARM_GCC_541\Debug\Microcontroller.a(P2_3.o)
 .debug_aranges
                0x00000430       0x38 .\CortexM3\ARM_GCC_541\Debug\Microcontroller.a(P2_4.o)
 .debug_aranges
                0x00000468       0x38 .\CortexM3\ARM_GCC_541\Debug\Microcontroller.a(P2_5.o)
 .debug_aranges
                0x000004a0       0x38 .\CortexM3\ARM_GCC_541\Debug\Microcontroller.a(P2_6.o)
 .debug_aranges
                0x000004d8       0x38 .\CortexM3\ARM_GCC_541\Debug\Microcontroller.a(P3_3.o)
 .debug_aranges
                0x00000510       0x38 .\CortexM3\ARM_GCC_541\Debug\Microcontroller.a(P3_4.o)
 .debug_aranges
                0x00000548       0x38 .\CortexM3\ARM_GCC_541\Debug\Microcontroller.a(P3_5.o)
 .debug_aranges
                0x00000580       0x38 .\CortexM3\ARM_GCC_541\Debug\Microcontroller.a(P3_6.o)
 .debug_aranges
                0x000005b8       0x70 .\CortexM3\ARM_GCC_541\Debug\Microcontroller.a(UART_1_IntClock.o)
 .debug_aranges
                0x00000628      0x2a0 .\CortexM3\ARM_GCC_541\Debug\Microcontroller.a(CyLib.o)
 .debug_aranges
                0x000008c8       0x98 .\CortexM3\ARM_GCC_541\Debug\Microcontroller.a(cyPm.o)
 .debug_aranges
                0x00000960       0x98 .\CortexM3\ARM_GCC_541\Debug\Microcontroller.a(PWM.o)
 .debug_aranges
                0x000009f8       0x80 .\CortexM3\ARM_GCC_541\Debug\Microcontroller.a(isr_PWM.o)
 .debug_aranges
                0x00000a78       0x28 .\CortexM3\ARM_GCC_541\Debug\Microcontroller.a(Control_Reg_1.o)
 .debug_aranges
                0x00000aa0       0x38 .\CortexM3\ARM_GCC_541\Debug\Microcontroller.a(LED_1.o)
 .debug_aranges
                0x00000ad8       0x38 .\CortexM3\ARM_GCC_541\Debug\Microcontroller.a(sensorClk.o)
 .debug_aranges
                0x00000b10       0x38 .\CortexM3\ARM_GCC_541\Debug\Microcontroller.a(sensorSignal.o)
 .debug_aranges
                0x00000b48       0x38 .\CortexM3\ARM_GCC_541\Debug\Microcontroller.a(sensorReset.o)
 .debug_aranges
                0x00000b80       0x80 .\CortexM3\ARM_GCC_541\Debug\Microcontroller.a(ServoPWM.o)
 .debug_aranges
                0x00000c00       0x20 .\CortexM3\ARM_GCC_541\Debug\Microcontroller.a(CyBootAsmGnu.o)
 .debug_aranges
                0x00000c20       0x88 .\CortexM3\ARM_GCC_541\Debug\Microcontroller.a(CyFlash.o)
 .debug_aranges
                0x00000ca8       0x80 .\CortexM3\ARM_GCC_541\Debug\Microcontroller.a(CySpc.o)

.debug_pubnames
 *(.debug_pubnames)

.debug_info     0x00000000     0x8128
 *(.debug_info .gnu.linkonce.wi.*)
 .debug_info    0x00000000      0x471 .\CortexM3\ARM_GCC_541\Debug\main.o
 .debug_info    0x00000471      0xcd2 .\CortexM3\ARM_GCC_541\Debug\XYPlotter.o
 .debug_info    0x00001143      0x87b .\CortexM3\ARM_GCC_541\Debug\UART.o
 .debug_info    0x000019be      0x54b .\CortexM3\ARM_GCC_541\Debug\LedControl.o
 .debug_info    0x00001f09      0x6a2 .\CortexM3\ARM_GCC_541\Debug\Sensor.o
 .debug_info    0x000025ab      0x177 .\CortexM3\ARM_GCC_541\Debug\Servo.o
 .debug_info    0x00002722      0x5df .\CortexM3\ARM_GCC_541\Debug\cyfitter_cfg.o
 .debug_info    0x00002d01      0x136 .\CortexM3\ARM_GCC_541\Debug\cymetadata.o
 .debug_info    0x00002e37      0x3bb .\CortexM3\ARM_GCC_541\Debug\Cm3Start.o
 .debug_info    0x000031f2      0x7ae .\CortexM3\ARM_GCC_541\Debug\Microcontroller.a(UART_1.o)
 .debug_info    0x000039a0      0x186 .\CortexM3\ARM_GCC_541\Debug\Microcontroller.a(UART_1_INT.o)
 .debug_info    0x00003b26      0x2d2 .\CortexM3\ARM_GCC_541\Debug\Microcontroller.a(isr_uart_rx.o)
 .debug_info    0x00003df8      0x11f .\CortexM3\ARM_GCC_541\Debug\Microcontroller.a(P2_3.o)
 .debug_info    0x00003f17      0x11f .\CortexM3\ARM_GCC_541\Debug\Microcontroller.a(P2_4.o)
 .debug_info    0x00004036      0x11f .\CortexM3\ARM_GCC_541\Debug\Microcontroller.a(P2_5.o)
 .debug_info    0x00004155      0x11f .\CortexM3\ARM_GCC_541\Debug\Microcontroller.a(P2_6.o)
 .debug_info    0x00004274      0x11f .\CortexM3\ARM_GCC_541\Debug\Microcontroller.a(P3_3.o)
 .debug_info    0x00004393      0x11f .\CortexM3\ARM_GCC_541\Debug\Microcontroller.a(P3_4.o)
 .debug_info    0x000044b2      0x11f .\CortexM3\ARM_GCC_541\Debug\Microcontroller.a(P3_5.o)
 .debug_info    0x000045d1      0x11f .\CortexM3\ARM_GCC_541\Debug\Microcontroller.a(P3_6.o)
 .debug_info    0x000046f0      0x283 .\CortexM3\ARM_GCC_541\Debug\Microcontroller.a(UART_1_IntClock.o)
 .debug_info    0x00004973     0x1374 .\CortexM3\ARM_GCC_541\Debug\Microcontroller.a(CyLib.o)
 .debug_info    0x00005ce7      0xa2a .\CortexM3\ARM_GCC_541\Debug\Microcontroller.a(cyPm.o)
 .debug_info    0x00006711      0x334 .\CortexM3\ARM_GCC_541\Debug\Microcontroller.a(PWM.o)
 .debug_info    0x00006a45      0x2d2 .\CortexM3\ARM_GCC_541\Debug\Microcontroller.a(isr_PWM.o)
 .debug_info    0x00006d17       0xd6 .\CortexM3\ARM_GCC_541\Debug\Microcontroller.a(Control_Reg_1.o)
 .debug_info    0x00006ded      0x11f .\CortexM3\ARM_GCC_541\Debug\Microcontroller.a(LED_1.o)
 .debug_info    0x00006f0c      0x11f .\CortexM3\ARM_GCC_541\Debug\Microcontroller.a(sensorClk.o)
 .debug_info    0x0000702b      0x11f .\CortexM3\ARM_GCC_541\Debug\Microcontroller.a(sensorSignal.o)
 .debug_info    0x0000714a      0x11f .\CortexM3\ARM_GCC_541\Debug\Microcontroller.a(sensorReset.o)
 .debug_info    0x00007269      0x299 .\CortexM3\ARM_GCC_541\Debug\Microcontroller.a(ServoPWM.o)
 .debug_info    0x00007502       0x89 .\CortexM3\ARM_GCC_541\Debug\Microcontroller.a(CyBootAsmGnu.o)
 .debug_info    0x0000758b      0x64d .\CortexM3\ARM_GCC_541\Debug\Microcontroller.a(CyFlash.o)
 .debug_info    0x00007bd8      0x550 .\CortexM3\ARM_GCC_541\Debug\Microcontroller.a(CySpc.o)

.debug_abbrev   0x00000000     0x22ab
 *(.debug_abbrev)
 .debug_abbrev  0x00000000       0xe4 .\CortexM3\ARM_GCC_541\Debug\main.o
 .debug_abbrev  0x000000e4      0x1c8 .\CortexM3\ARM_GCC_541\Debug\XYPlotter.o
 .debug_abbrev  0x000002ac      0x14b .\CortexM3\ARM_GCC_541\Debug\UART.o
 .debug_abbrev  0x000003f7      0x152 .\CortexM3\ARM_GCC_541\Debug\LedControl.o
 .debug_abbrev  0x00000549      0x130 .\CortexM3\ARM_GCC_541\Debug\Sensor.o
 .debug_abbrev  0x00000679       0xa7 .\CortexM3\ARM_GCC_541\Debug\Servo.o
 .debug_abbrev  0x00000720      0x20d .\CortexM3\ARM_GCC_541\Debug\cyfitter_cfg.o
 .debug_abbrev  0x0000092d       0x77 .\CortexM3\ARM_GCC_541\Debug\cymetadata.o
 .debug_abbrev  0x000009a4      0x1e8 .\CortexM3\ARM_GCC_541\Debug\Cm3Start.o
 .debug_abbrev  0x00000b8c      0x16f .\CortexM3\ARM_GCC_541\Debug\Microcontroller.a(UART_1.o)
 .debug_abbrev  0x00000cfb       0xa2 .\CortexM3\ARM_GCC_541\Debug\Microcontroller.a(UART_1_INT.o)
 .debug_abbrev  0x00000d9d      0x173 .\CortexM3\ARM_GCC_541\Debug\Microcontroller.a(isr_uart_rx.o)
 .debug_abbrev  0x00000f10       0x90 .\CortexM3\ARM_GCC_541\Debug\Microcontroller.a(P2_3.o)
 .debug_abbrev  0x00000fa0       0x90 .\CortexM3\ARM_GCC_541\Debug\Microcontroller.a(P2_4.o)
 .debug_abbrev  0x00001030       0x90 .\CortexM3\ARM_GCC_541\Debug\Microcontroller.a(P2_5.o)
 .debug_abbrev  0x000010c0       0x90 .\CortexM3\ARM_GCC_541\Debug\Microcontroller.a(P2_6.o)
 .debug_abbrev  0x00001150       0x90 .\CortexM3\ARM_GCC_541\Debug\Microcontroller.a(P3_3.o)
 .debug_abbrev  0x000011e0       0x90 .\CortexM3\ARM_GCC_541\Debug\Microcontroller.a(P3_4.o)
 .debug_abbrev  0x00001270       0x90 .\CortexM3\ARM_GCC_541\Debug\Microcontroller.a(P3_5.o)
 .debug_abbrev  0x00001300       0x90 .\CortexM3\ARM_GCC_541\Debug\Microcontroller.a(P3_6.o)
 .debug_abbrev  0x00001390      0x139 .\CortexM3\ARM_GCC_541\Debug\Microcontroller.a(UART_1_IntClock.o)
 .debug_abbrev  0x000014c9      0x254 .\CortexM3\ARM_GCC_541\Debug\Microcontroller.a(CyLib.o)
 .debug_abbrev  0x0000171d      0x1ab .\CortexM3\ARM_GCC_541\Debug\Microcontroller.a(cyPm.o)
 .debug_abbrev  0x000018c8      0x133 .\CortexM3\ARM_GCC_541\Debug\Microcontroller.a(PWM.o)
 .debug_abbrev  0x000019fb      0x173 .\CortexM3\ARM_GCC_541\Debug\Microcontroller.a(isr_PWM.o)
 .debug_abbrev  0x00001b6e       0x81 .\CortexM3\ARM_GCC_541\Debug\Microcontroller.a(Control_Reg_1.o)
 .debug_abbrev  0x00001bef       0x90 .\CortexM3\ARM_GCC_541\Debug\Microcontroller.a(LED_1.o)
 .debug_abbrev  0x00001c7f       0x90 .\CortexM3\ARM_GCC_541\Debug\Microcontroller.a(sensorClk.o)
 .debug_abbrev  0x00001d0f       0x90 .\CortexM3\ARM_GCC_541\Debug\Microcontroller.a(sensorSignal.o)
 .debug_abbrev  0x00001d9f       0x90 .\CortexM3\ARM_GCC_541\Debug\Microcontroller.a(sensorReset.o)
 .debug_abbrev  0x00001e2f      0x12d .\CortexM3\ARM_GCC_541\Debug\Microcontroller.a(ServoPWM.o)
 .debug_abbrev  0x00001f5c       0x14 .\CortexM3\ARM_GCC_541\Debug\Microcontroller.a(CyBootAsmGnu.o)
 .debug_abbrev  0x00001f70      0x1a7 .\CortexM3\ARM_GCC_541\Debug\Microcontroller.a(CyFlash.o)
 .debug_abbrev  0x00002117      0x194 .\CortexM3\ARM_GCC_541\Debug\Microcontroller.a(CySpc.o)

.debug_line     0x00000000     0x37ff
 *(.debug_line)
 .debug_line    0x00000000      0x203 .\CortexM3\ARM_GCC_541\Debug\main.o
 .debug_line    0x00000203      0x331 .\CortexM3\ARM_GCC_541\Debug\XYPlotter.o
 .debug_line    0x00000534      0x2e5 .\CortexM3\ARM_GCC_541\Debug\UART.o
 .debug_line    0x00000819      0x311 .\CortexM3\ARM_GCC_541\Debug\LedControl.o
 .debug_line    0x00000b2a      0x38c .\CortexM3\ARM_GCC_541\Debug\Sensor.o
 .debug_line    0x00000eb6      0x196 .\CortexM3\ARM_GCC_541\Debug\Servo.o
 .debug_line    0x0000104c      0x1f6 .\CortexM3\ARM_GCC_541\Debug\cyfitter_cfg.o
 .debug_line    0x00001242      0x141 .\CortexM3\ARM_GCC_541\Debug\cymetadata.o
 .debug_line    0x00001383      0x234 .\CortexM3\ARM_GCC_541\Debug\Cm3Start.o
 .debug_line    0x000015b7      0x33f .\CortexM3\ARM_GCC_541\Debug\Microcontroller.a(UART_1.o)
 .debug_line    0x000018f6       0xa9 .\CortexM3\ARM_GCC_541\Debug\Microcontroller.a(UART_1_INT.o)
 .debug_line    0x0000199f      0x138 .\CortexM3\ARM_GCC_541\Debug\Microcontroller.a(isr_uart_rx.o)
 .debug_line    0x00001ad7       0x91 .\CortexM3\ARM_GCC_541\Debug\Microcontroller.a(P2_3.o)
 .debug_line    0x00001b68       0x91 .\CortexM3\ARM_GCC_541\Debug\Microcontroller.a(P2_4.o)
 .debug_line    0x00001bf9       0x91 .\CortexM3\ARM_GCC_541\Debug\Microcontroller.a(P2_5.o)
 .debug_line    0x00001c8a       0x91 .\CortexM3\ARM_GCC_541\Debug\Microcontroller.a(P2_6.o)
 .debug_line    0x00001d1b       0x91 .\CortexM3\ARM_GCC_541\Debug\Microcontroller.a(P3_3.o)
 .debug_line    0x00001dac       0x91 .\CortexM3\ARM_GCC_541\Debug\Microcontroller.a(P3_4.o)
 .debug_line    0x00001e3d       0x91 .\CortexM3\ARM_GCC_541\Debug\Microcontroller.a(P3_5.o)
 .debug_line    0x00001ece       0x91 .\CortexM3\ARM_GCC_541\Debug\Microcontroller.a(P3_6.o)
 .debug_line    0x00001f5f      0x17e .\CortexM3\ARM_GCC_541\Debug\Microcontroller.a(UART_1_IntClock.o)
 .debug_line    0x000020dd      0x816 .\CortexM3\ARM_GCC_541\Debug\Microcontroller.a(CyLib.o)
 .debug_line    0x000028f3      0x367 .\CortexM3\ARM_GCC_541\Debug\Microcontroller.a(cyPm.o)
 .debug_line    0x00002c5a      0x183 .\CortexM3\ARM_GCC_541\Debug\Microcontroller.a(PWM.o)
 .debug_line    0x00002ddd      0x134 .\CortexM3\ARM_GCC_541\Debug\Microcontroller.a(isr_PWM.o)
 .debug_line    0x00002f11       0x75 .\CortexM3\ARM_GCC_541\Debug\Microcontroller.a(Control_Reg_1.o)
 .debug_line    0x00002f86       0x92 .\CortexM3\ARM_GCC_541\Debug\Microcontroller.a(LED_1.o)
 .debug_line    0x00003018       0x96 .\CortexM3\ARM_GCC_541\Debug\Microcontroller.a(sensorClk.o)
 .debug_line    0x000030ae       0x99 .\CortexM3\ARM_GCC_541\Debug\Microcontroller.a(sensorSignal.o)
 .debug_line    0x00003147       0x98 .\CortexM3\ARM_GCC_541\Debug\Microcontroller.a(sensorReset.o)
 .debug_line    0x000031df      0x140 .\CortexM3\ARM_GCC_541\Debug\Microcontroller.a(ServoPWM.o)
 .debug_line    0x0000331f       0x66 .\CortexM3\ARM_GCC_541\Debug\Microcontroller.a(CyBootAsmGnu.o)
 .debug_line    0x00003385      0x21a .\CortexM3\ARM_GCC_541\Debug\Microcontroller.a(CyFlash.o)
 .debug_line    0x0000359f      0x260 .\CortexM3\ARM_GCC_541\Debug\Microcontroller.a(CySpc.o)

.debug_frame    0x00000000     0x1eb8
 *(.debug_frame)
 .debug_frame   0x00000000       0x2c .\CortexM3\ARM_GCC_541\Debug\main.o
 .debug_frame   0x0000002c      0x124 .\CortexM3\ARM_GCC_541\Debug\XYPlotter.o
 .debug_frame   0x00000150       0xbc .\CortexM3\ARM_GCC_541\Debug\UART.o
 .debug_frame   0x0000020c      0x108 .\CortexM3\ARM_GCC_541\Debug\LedControl.o
 .debug_frame   0x00000314      0x114 .\CortexM3\ARM_GCC_541\Debug\Sensor.o
 .debug_frame   0x00000428       0x64 .\CortexM3\ARM_GCC_541\Debug\Servo.o
 .debug_frame   0x0000048c       0xe4 .\CortexM3\ARM_GCC_541\Debug\cyfitter_cfg.o
 .debug_frame   0x00000570       0xb8 .\CortexM3\ARM_GCC_541\Debug\Cm3Start.o
 .debug_frame   0x00000628      0x25c .\CortexM3\ARM_GCC_541\Debug\Microcontroller.a(UART_1.o)
 .debug_frame   0x00000884       0x30 .\CortexM3\ARM_GCC_541\Debug\Microcontroller.a(UART_1_INT.o)
 .debug_frame   0x000008b4      0x104 .\CortexM3\ARM_GCC_541\Debug\Microcontroller.a(isr_uart_rx.o)
 .debug_frame   0x000009b8       0x50 .\CortexM3\ARM_GCC_541\Debug\Microcontroller.a(P2_3.o)
 .debug_frame   0x00000a08       0x50 .\CortexM3\ARM_GCC_541\Debug\Microcontroller.a(P2_4.o)
 .debug_frame   0x00000a58       0x50 .\CortexM3\ARM_GCC_541\Debug\Microcontroller.a(P2_5.o)
 .debug_frame   0x00000aa8       0x50 .\CortexM3\ARM_GCC_541\Debug\Microcontroller.a(P2_6.o)
 .debug_frame   0x00000af8       0x50 .\CortexM3\ARM_GCC_541\Debug\Microcontroller.a(P3_3.o)
 .debug_frame   0x00000b48       0x50 .\CortexM3\ARM_GCC_541\Debug\Microcontroller.a(P3_4.o)
 .debug_frame   0x00000b98       0x50 .\CortexM3\ARM_GCC_541\Debug\Microcontroller.a(P3_5.o)
 .debug_frame   0x00000be8       0x50 .\CortexM3\ARM_GCC_541\Debug\Microcontroller.a(P3_6.o)
 .debug_frame   0x00000c38       0xe0 .\CortexM3\ARM_GCC_541\Debug\Microcontroller.a(UART_1_IntClock.o)
 .debug_frame   0x00000d18      0x738 .\CortexM3\ARM_GCC_541\Debug\Microcontroller.a(CyLib.o)
 .debug_frame   0x00001450      0x1f8 .\CortexM3\ARM_GCC_541\Debug\Microcontroller.a(cyPm.o)
 .debug_frame   0x00001648      0x134 .\CortexM3\ARM_GCC_541\Debug\Microcontroller.a(PWM.o)
 .debug_frame   0x0000177c      0x104 .\CortexM3\ARM_GCC_541\Debug\Microcontroller.a(isr_PWM.o)
 .debug_frame   0x00001880       0x30 .\CortexM3\ARM_GCC_541\Debug\Microcontroller.a(Control_Reg_1.o)
 .debug_frame   0x000018b0       0x50 .\CortexM3\ARM_GCC_541\Debug\Microcontroller.a(LED_1.o)
 .debug_frame   0x00001900       0x50 .\CortexM3\ARM_GCC_541\Debug\Microcontroller.a(sensorClk.o)
 .debug_frame   0x00001950       0x50 .\CortexM3\ARM_GCC_541\Debug\Microcontroller.a(sensorSignal.o)
 .debug_frame   0x000019a0       0x50 .\CortexM3\ARM_GCC_541\Debug\Microcontroller.a(sensorReset.o)
 .debug_frame   0x000019f0       0xf8 .\CortexM3\ARM_GCC_541\Debug\Microcontroller.a(ServoPWM.o)
 .debug_frame   0x00001ae8      0x194 .\CortexM3\ARM_GCC_541\Debug\Microcontroller.a(CyFlash.o)
 .debug_frame   0x00001c7c      0x180 .\CortexM3\ARM_GCC_541\Debug\Microcontroller.a(CySpc.o)
 .debug_frame   0x00001dfc       0x20 c:/program files (x86)/cypress/psoc creator/4.4/psoc creator/import/gnu/arm/5.4.1/bin/../lib/gcc/arm-none-eabi/5.4.1/../../../../arm-none-eabi/lib/armv7-m\libg_nano.a(lib_a-errno.o)
 .debug_frame   0x00001e1c       0x28 c:/program files (x86)/cypress/psoc creator/4.4/psoc creator/import/gnu/arm/5.4.1/bin/../lib/gcc/arm-none-eabi/5.4.1/../../../../arm-none-eabi/lib/armv7-m\libg_nano.a(lib_a-exit.o)
 .debug_frame   0x00001e44       0x2c c:/program files (x86)/cypress/psoc creator/4.4/psoc creator/import/gnu/arm/5.4.1/bin/../lib/gcc/arm-none-eabi/5.4.1/../../../../arm-none-eabi/lib/armv7-m\libg_nano.a(lib_a-init.o)
 .debug_frame   0x00001e70       0x28 c:/program files (x86)/cypress/psoc creator/4.4/psoc creator/import/gnu/arm/5.4.1/bin/../lib/gcc/arm-none-eabi/5.4.1/../../../../arm-none-eabi/lib/armv7-m\libg_nano.a(lib_a-memcpy-stub.o)
 .debug_frame   0x00001e98       0x20 c:/program files (x86)/cypress/psoc creator/4.4/psoc creator/import/gnu/arm/5.4.1/bin/../lib/gcc/arm-none-eabi/5.4.1/../../../../arm-none-eabi/lib/armv7-m\libg_nano.a(lib_a-memset.o)

.debug_str      0x00000000     0x25c0
 *(.debug_str)
 .debug_str     0x00000000      0x321 .\CortexM3\ARM_GCC_541\Debug\main.o
                                0x387 (size before relaxing)
 .debug_str     0x00000321      0x137 .\CortexM3\ARM_GCC_541\Debug\XYPlotter.o
                                0x31a (size before relaxing)
 .debug_str     0x00000458      0x1af .\CortexM3\ARM_GCC_541\Debug\UART.o
                                0x49f (size before relaxing)
 .debug_str     0x00000607       0x97 .\CortexM3\ARM_GCC_541\Debug\LedControl.o
                                0x377 (size before relaxing)
 .debug_str     0x0000069e       0x81 .\CortexM3\ARM_GCC_541\Debug\Sensor.o
                                0x36b (size before relaxing)
 .debug_str     0x0000071f       0x2d .\CortexM3\ARM_GCC_541\Debug\Servo.o
                                0x1e3 (size before relaxing)
 .debug_str     0x0000074c      0x1b5 .\CortexM3\ARM_GCC_541\Debug\cyfitter_cfg.o
                                0x33d (size before relaxing)
 .debug_str     0x00000901       0x75 .\CortexM3\ARM_GCC_541\Debug\cymetadata.o
                                0x1dd (size before relaxing)
 .debug_str     0x00000976      0x144 .\CortexM3\ARM_GCC_541\Debug\Cm3Start.o
                                0x303 (size before relaxing)
 .debug_str     0x00000aba      0x3be .\CortexM3\ARM_GCC_541\Debug\Microcontroller.a(UART_1.o)
                                0x5e1 (size before relaxing)
 .debug_str     0x00000e78       0x64 .\CortexM3\ARM_GCC_541\Debug\Microcontroller.a(UART_1_INT.o)
                                0x29a (size before relaxing)
 .debug_str     0x00000edc      0x117 .\CortexM3\ARM_GCC_541\Debug\Microcontroller.a(isr_uart_rx.o)
                                0x2f3 (size before relaxing)
 .debug_str     0x00000ff3       0x5b .\CortexM3\ARM_GCC_541\Debug\Microcontroller.a(P2_3.o)
                                0x1d6 (size before relaxing)
 .debug_str     0x0000104e       0x4b .\CortexM3\ARM_GCC_541\Debug\Microcontroller.a(P2_4.o)
                                0x1d6 (size before relaxing)
 .debug_str     0x00001099       0x4b .\CortexM3\ARM_GCC_541\Debug\Microcontroller.a(P2_5.o)
                                0x1d6 (size before relaxing)
 .debug_str     0x000010e4       0x4b .\CortexM3\ARM_GCC_541\Debug\Microcontroller.a(P2_6.o)
                                0x1d6 (size before relaxing)
 .debug_str     0x0000112f       0x4b .\CortexM3\ARM_GCC_541\Debug\Microcontroller.a(P3_3.o)
                                0x1d6 (size before relaxing)
 .debug_str     0x0000117a       0x4b .\CortexM3\ARM_GCC_541\Debug\Microcontroller.a(P3_4.o)
                                0x1d6 (size before relaxing)
 .debug_str     0x000011c5       0x4b .\CortexM3\ARM_GCC_541\Debug\Microcontroller.a(P3_5.o)
                                0x1d6 (size before relaxing)
 .debug_str     0x00001210       0x4b .\CortexM3\ARM_GCC_541\Debug\Microcontroller.a(P3_6.o)
                                0x1d6 (size before relaxing)
 .debug_str     0x0000125b      0x19d .\CortexM3\ARM_GCC_541\Debug\Microcontroller.a(UART_1_IntClock.o)
                                0x347 (size before relaxing)
 .debug_str     0x000013f8      0x7b3 .\CortexM3\ARM_GCC_541\Debug\Microcontroller.a(CyLib.o)
                                0xa40 (size before relaxing)
 .debug_str     0x00001bab      0x365 .\CortexM3\ARM_GCC_541\Debug\Microcontroller.a(cyPm.o)
                                0x72c (size before relaxing)
 .debug_str     0x00001f10       0x84 .\CortexM3\ARM_GCC_541\Debug\Microcontroller.a(PWM.o)
                                0x324 (size before relaxing)
 .debug_str     0x00001f94       0xf2 .\CortexM3\ARM_GCC_541\Debug\Microcontroller.a(isr_PWM.o)
                                0x2bb (size before relaxing)
 .debug_str     0x00002086       0x3a .\CortexM3\ARM_GCC_541\Debug\Microcontroller.a(Control_Reg_1.o)
                                0x1c0 (size before relaxing)
 .debug_str     0x000020c0       0x4f .\CortexM3\ARM_GCC_541\Debug\Microcontroller.a(LED_1.o)
                                0x1db (size before relaxing)
 .debug_str     0x0000210f       0x5f .\CortexM3\ARM_GCC_541\Debug\Microcontroller.a(sensorClk.o)
                                0x1ef (size before relaxing)
 .debug_str     0x0000216e       0x6c .\CortexM3\ARM_GCC_541\Debug\Microcontroller.a(sensorSignal.o)
                                0x1fe (size before relaxing)
 .debug_str     0x000021da       0x67 .\CortexM3\ARM_GCC_541\Debug\Microcontroller.a(sensorReset.o)
                                0x1f9 (size before relaxing)
 .debug_str     0x00002241      0x118 .\CortexM3\ARM_GCC_541\Debug\Microcontroller.a(ServoPWM.o)
                                0x2f4 (size before relaxing)
 .debug_str     0x00002359      0x1bb .\CortexM3\ARM_GCC_541\Debug\Microcontroller.a(CyFlash.o)
                                0x3b9 (size before relaxing)
 .debug_str     0x00002514       0xac .\CortexM3\ARM_GCC_541\Debug\Microcontroller.a(CySpc.o)
                                0x331 (size before relaxing)

.debug_loc      0x00000000     0x2b26
 *(.debug_loc)
 .debug_loc     0x00000000      0x205 .\CortexM3\ARM_GCC_541\Debug\XYPlotter.o
 .debug_loc     0x00000205      0x2a6 .\CortexM3\ARM_GCC_541\Debug\UART.o
 .debug_loc     0x000004ab      0x11f .\CortexM3\ARM_GCC_541\Debug\LedControl.o
 .debug_loc     0x000005ca      0x23c .\CortexM3\ARM_GCC_541\Debug\Sensor.o
 .debug_loc     0x00000806      0x25a .\CortexM3\ARM_GCC_541\Debug\cyfitter_cfg.o
 .debug_loc     0x00000a60      0x144 .\CortexM3\ARM_GCC_541\Debug\Cm3Start.o
 .debug_loc     0x00000ba4      0x36c .\CortexM3\ARM_GCC_541\Debug\Microcontroller.a(UART_1.o)
 .debug_loc     0x00000f10       0x45 .\CortexM3\ARM_GCC_541\Debug\Microcontroller.a(UART_1_INT.o)
 .debug_loc     0x00000f55       0x56 .\CortexM3\ARM_GCC_541\Debug\Microcontroller.a(isr_uart_rx.o)
 .debug_loc     0x00000fab       0x42 .\CortexM3\ARM_GCC_541\Debug\Microcontroller.a(P2_3.o)
 .debug_loc     0x00000fed       0x42 .\CortexM3\ARM_GCC_541\Debug\Microcontroller.a(P2_4.o)
 .debug_loc     0x0000102f       0x42 .\CortexM3\ARM_GCC_541\Debug\Microcontroller.a(P2_5.o)
 .debug_loc     0x00001071       0x42 .\CortexM3\ARM_GCC_541\Debug\Microcontroller.a(P2_6.o)
 .debug_loc     0x000010b3       0x42 .\CortexM3\ARM_GCC_541\Debug\Microcontroller.a(P3_3.o)
 .debug_loc     0x000010f5       0x42 .\CortexM3\ARM_GCC_541\Debug\Microcontroller.a(P3_4.o)
 .debug_loc     0x00001137       0x42 .\CortexM3\ARM_GCC_541\Debug\Microcontroller.a(P3_5.o)
 .debug_loc     0x00001179       0x42 .\CortexM3\ARM_GCC_541\Debug\Microcontroller.a(P3_6.o)
 .debug_loc     0x000011bb      0x128 .\CortexM3\ARM_GCC_541\Debug\Microcontroller.a(UART_1_IntClock.o)
 .debug_loc     0x000012e3      0xa11 .\CortexM3\ARM_GCC_541\Debug\Microcontroller.a(CyLib.o)
 .debug_loc     0x00001cf4      0x1e4 .\CortexM3\ARM_GCC_541\Debug\Microcontroller.a(cyPm.o)
 .debug_loc     0x00001ed8       0x26 .\CortexM3\ARM_GCC_541\Debug\Microcontroller.a(PWM.o)
 .debug_loc     0x00001efe       0x56 .\CortexM3\ARM_GCC_541\Debug\Microcontroller.a(isr_PWM.o)
 .debug_loc     0x00001f54       0x42 .\CortexM3\ARM_GCC_541\Debug\Microcontroller.a(LED_1.o)
 .debug_loc     0x00001f96       0x42 .\CortexM3\ARM_GCC_541\Debug\Microcontroller.a(sensorClk.o)
 .debug_loc     0x00001fd8       0x42 .\CortexM3\ARM_GCC_541\Debug\Microcontroller.a(sensorSignal.o)
 .debug_loc     0x0000201a       0x42 .\CortexM3\ARM_GCC_541\Debug\Microcontroller.a(sensorReset.o)
 .debug_loc     0x0000205c       0x13 .\CortexM3\ARM_GCC_541\Debug\Microcontroller.a(ServoPWM.o)
 .debug_loc     0x0000206f      0x3b2 .\CortexM3\ARM_GCC_541\Debug\Microcontroller.a(CyFlash.o)
 .debug_loc     0x00002421      0x705 .\CortexM3\ARM_GCC_541\Debug\Microcontroller.a(CySpc.o)

.debug_macinfo
 *(.debug_macinfo)

.debug_ranges   0x00000000      0xb20
 *(.debug_ranges)
 .debug_ranges  0x00000000       0x10 .\CortexM3\ARM_GCC_541\Debug\main.o
 .debug_ranges  0x00000010       0x50 .\CortexM3\ARM_GCC_541\Debug\XYPlotter.o
 .debug_ranges  0x00000060       0x30 .\CortexM3\ARM_GCC_541\Debug\UART.o
 .debug_ranges  0x00000090       0x48 .\CortexM3\ARM_GCC_541\Debug\LedControl.o
 .debug_ranges  0x000000d8       0x80 .\CortexM3\ARM_GCC_541\Debug\Sensor.o
 .debug_ranges  0x00000158       0x20 .\CortexM3\ARM_GCC_541\Debug\Servo.o
 .debug_ranges  0x00000178       0x48 .\CortexM3\ARM_GCC_541\Debug\cyfitter_cfg.o
 .debug_ranges  0x000001c0       0x38 .\CortexM3\ARM_GCC_541\Debug\Cm3Start.o
 .debug_ranges  0x000001f8       0xe0 .\CortexM3\ARM_GCC_541\Debug\Microcontroller.a(UART_1.o)
 .debug_ranges  0x000002d8       0x18 .\CortexM3\ARM_GCC_541\Debug\Microcontroller.a(UART_1_INT.o)
 .debug_ranges  0x000002f0       0x70 .\CortexM3\ARM_GCC_541\Debug\Microcontroller.a(isr_uart_rx.o)
 .debug_ranges  0x00000360       0x28 .\CortexM3\ARM_GCC_541\Debug\Microcontroller.a(P2_3.o)
 .debug_ranges  0x00000388       0x28 .\CortexM3\ARM_GCC_541\Debug\Microcontroller.a(P2_4.o)
 .debug_ranges  0x000003b0       0x28 .\CortexM3\ARM_GCC_541\Debug\Microcontroller.a(P2_5.o)
 .debug_ranges  0x000003d8       0x28 .\CortexM3\ARM_GCC_541\Debug\Microcontroller.a(P2_6.o)
 .debug_ranges  0x00000400       0x28 .\CortexM3\ARM_GCC_541\Debug\Microcontroller.a(P3_3.o)
 .debug_ranges  0x00000428       0x28 .\CortexM3\ARM_GCC_541\Debug\Microcontroller.a(P3_4.o)
 .debug_ranges  0x00000450       0x28 .\CortexM3\ARM_GCC_541\Debug\Microcontroller.a(P3_5.o)
 .debug_ranges  0x00000478       0x28 .\CortexM3\ARM_GCC_541\Debug\Microcontroller.a(P3_6.o)
 .debug_ranges  0x000004a0       0x60 .\CortexM3\ARM_GCC_541\Debug\Microcontroller.a(UART_1_IntClock.o)
 .debug_ranges  0x00000500      0x290 .\CortexM3\ARM_GCC_541\Debug\Microcontroller.a(CyLib.o)
 .debug_ranges  0x00000790       0x88 .\CortexM3\ARM_GCC_541\Debug\Microcontroller.a(cyPm.o)
 .debug_ranges  0x00000818       0x88 .\CortexM3\ARM_GCC_541\Debug\Microcontroller.a(PWM.o)
 .debug_ranges  0x000008a0       0x70 .\CortexM3\ARM_GCC_541\Debug\Microcontroller.a(isr_PWM.o)
 .debug_ranges  0x00000910       0x18 .\CortexM3\ARM_GCC_541\Debug\Microcontroller.a(Control_Reg_1.o)
 .debug_ranges  0x00000928       0x28 .\CortexM3\ARM_GCC_541\Debug\Microcontroller.a(LED_1.o)
 .debug_ranges  0x00000950       0x28 .\CortexM3\ARM_GCC_541\Debug\Microcontroller.a(sensorClk.o)
 .debug_ranges  0x00000978       0x28 .\CortexM3\ARM_GCC_541\Debug\Microcontroller.a(sensorSignal.o)
 .debug_ranges  0x000009a0       0x28 .\CortexM3\ARM_GCC_541\Debug\Microcontroller.a(sensorReset.o)
 .debug_ranges  0x000009c8       0x70 .\CortexM3\ARM_GCC_541\Debug\Microcontroller.a(ServoPWM.o)
 .debug_ranges  0x00000a38       0x78 .\CortexM3\ARM_GCC_541\Debug\Microcontroller.a(CyFlash.o)
 .debug_ranges  0x00000ab0       0x70 .\CortexM3\ARM_GCC_541\Debug\Microcontroller.a(CySpc.o)

.comment        0x00000000       0x6e
 .comment       0x00000000       0x6e .\CortexM3\ARM_GCC_541\Debug\main.o
                                 0x6f (size before relaxing)
 .comment       0x0000006e       0x6f .\CortexM3\ARM_GCC_541\Debug\XYPlotter.o
 .comment       0x0000006e       0x6f .\CortexM3\ARM_GCC_541\Debug\UART.o
 .comment       0x0000006e       0x6f .\CortexM3\ARM_GCC_541\Debug\LedControl.o
 .comment       0x0000006e       0x6f .\CortexM3\ARM_GCC_541\Debug\Sensor.o
 .comment       0x0000006e       0x6f .\CortexM3\ARM_GCC_541\Debug\Servo.o
 .comment       0x0000006e       0x6f .\CortexM3\ARM_GCC_541\Debug\cyfitter_cfg.o
 .comment       0x0000006e       0x6f .\CortexM3\ARM_GCC_541\Debug\cymetadata.o
 .comment       0x0000006e       0x6f .\CortexM3\ARM_GCC_541\Debug\Cm3Start.o
 .comment       0x0000006e       0x6f .\CortexM3\ARM_GCC_541\Debug\Microcontroller.a(UART_1.o)
 .comment       0x0000006e       0x6f .\CortexM3\ARM_GCC_541\Debug\Microcontroller.a(UART_1_INT.o)
 .comment       0x0000006e       0x6f .\CortexM3\ARM_GCC_541\Debug\Microcontroller.a(isr_uart_rx.o)
 .comment       0x0000006e       0x6f .\CortexM3\ARM_GCC_541\Debug\Microcontroller.a(P2_3.o)
 .comment       0x0000006e       0x6f .\CortexM3\ARM_GCC_541\Debug\Microcontroller.a(P2_4.o)
 .comment       0x0000006e       0x6f .\CortexM3\ARM_GCC_541\Debug\Microcontroller.a(P2_5.o)
 .comment       0x0000006e       0x6f .\CortexM3\ARM_GCC_541\Debug\Microcontroller.a(P2_6.o)
 .comment       0x0000006e       0x6f .\CortexM3\ARM_GCC_541\Debug\Microcontroller.a(P3_3.o)
 .comment       0x0000006e       0x6f .\CortexM3\ARM_GCC_541\Debug\Microcontroller.a(P3_4.o)
 .comment       0x0000006e       0x6f .\CortexM3\ARM_GCC_541\Debug\Microcontroller.a(P3_5.o)
 .comment       0x0000006e       0x6f .\CortexM3\ARM_GCC_541\Debug\Microcontroller.a(P3_6.o)
 .comment       0x0000006e       0x6f .\CortexM3\ARM_GCC_541\Debug\Microcontroller.a(UART_1_IntClock.o)
 .comment       0x0000006e       0x6f .\CortexM3\ARM_GCC_541\Debug\Microcontroller.a(CyLib.o)
 .comment       0x0000006e       0x6f .\CortexM3\ARM_GCC_541\Debug\Microcontroller.a(cyPm.o)
 .comment       0x0000006e       0x6f .\CortexM3\ARM_GCC_541\Debug\Microcontroller.a(PWM.o)
 .comment       0x0000006e       0x6f .\CortexM3\ARM_GCC_541\Debug\Microcontroller.a(isr_PWM.o)
 .comment       0x0000006e       0x6f .\CortexM3\ARM_GCC_541\Debug\Microcontroller.a(Control_Reg_1.o)
 .comment       0x0000006e       0x6f .\CortexM3\ARM_GCC_541\Debug\Microcontroller.a(LED_1.o)
 .comment       0x0000006e       0x6f .\CortexM3\ARM_GCC_541\Debug\Microcontroller.a(sensorClk.o)
 .comment       0x0000006e       0x6f .\CortexM3\ARM_GCC_541\Debug\Microcontroller.a(sensorSignal.o)
 .comment       0x0000006e       0x6f .\CortexM3\ARM_GCC_541\Debug\Microcontroller.a(sensorReset.o)
 .comment       0x0000006e       0x6f .\CortexM3\ARM_GCC_541\Debug\Microcontroller.a(ServoPWM.o)
 .comment       0x0000006e       0x6f .\CortexM3\ARM_GCC_541\Debug\Microcontroller.a(CyFlash.o)
 .comment       0x0000006e       0x6f .\CortexM3\ARM_GCC_541\Debug\Microcontroller.a(CySpc.o)

.debug_weaknames
 *(.debug_weaknames)

.debug_funcnames
 *(.debug_funcnames)

.debug_typenames
 *(.debug_typenames)

.debug_varnames
 *(.debug_varnames)

.note.gnu.arm.ident
 *(.note.gnu.arm.ident)

.ARM.attributes
                0x00000000       0x29
 *(.ARM.attributes)
 .ARM.attributes
                0x00000000       0x1d c:/program files (x86)/cypress/psoc creator/4.4/psoc creator/import/gnu/arm/5.4.1/bin/../lib/gcc/arm-none-eabi/5.4.1/armv7-m/crti.o
 .ARM.attributes
                0x0000001d       0x2d c:/program files (x86)/cypress/psoc creator/4.4/psoc creator/import/gnu/arm/5.4.1/bin/../lib/gcc/arm-none-eabi/5.4.1/armv7-m/crtbegin.o
 .ARM.attributes
                0x0000004a       0x1b c:/program files (x86)/cypress/psoc creator/4.4/psoc creator/import/gnu/arm/5.4.1/bin/../lib/gcc/arm-none-eabi/5.4.1/../../../../arm-none-eabi/lib/armv7-m/crt0.o
 .ARM.attributes
                0x00000065       0x33 .\CortexM3\ARM_GCC_541\Debug\main.o
 .ARM.attributes
                0x00000098       0x33 .\CortexM3\ARM_GCC_541\Debug\XYPlotter.o
 .ARM.attributes
                0x000000cb       0x33 .\CortexM3\ARM_GCC_541\Debug\UART.o
 .ARM.attributes
                0x000000fe       0x33 .\CortexM3\ARM_GCC_541\Debug\LedControl.o
 .ARM.attributes
                0x00000131       0x33 .\CortexM3\ARM_GCC_541\Debug\Sensor.o
 .ARM.attributes
                0x00000164       0x33 .\CortexM3\ARM_GCC_541\Debug\Servo.o
 .ARM.attributes
                0x00000197       0x33 .\CortexM3\ARM_GCC_541\Debug\cyfitter_cfg.o
 .ARM.attributes
                0x000001ca       0x33 .\CortexM3\ARM_GCC_541\Debug\cymetadata.o
 .ARM.attributes
                0x000001fd       0x33 .\CortexM3\ARM_GCC_541\Debug\Cm3Start.o
 .ARM.attributes
                0x00000230       0x33 .\CortexM3\ARM_GCC_541\Debug\Microcontroller.a(UART_1.o)
 .ARM.attributes
                0x00000263       0x33 .\CortexM3\ARM_GCC_541\Debug\Microcontroller.a(UART_1_INT.o)
 .ARM.attributes
                0x00000296       0x33 .\CortexM3\ARM_GCC_541\Debug\Microcontroller.a(isr_uart_rx.o)
 .ARM.attributes
                0x000002c9       0x33 .\CortexM3\ARM_GCC_541\Debug\Microcontroller.a(P2_3.o)
 .ARM.attributes
                0x000002fc       0x33 .\CortexM3\ARM_GCC_541\Debug\Microcontroller.a(P2_4.o)
 .ARM.attributes
                0x0000032f       0x33 .\CortexM3\ARM_GCC_541\Debug\Microcontroller.a(P2_5.o)
 .ARM.attributes
                0x00000362       0x33 .\CortexM3\ARM_GCC_541\Debug\Microcontroller.a(P2_6.o)
 .ARM.attributes
                0x00000395       0x33 .\CortexM3\ARM_GCC_541\Debug\Microcontroller.a(P3_3.o)
 .ARM.attributes
                0x000003c8       0x33 .\CortexM3\ARM_GCC_541\Debug\Microcontroller.a(P3_4.o)
 .ARM.attributes
                0x000003fb       0x33 .\CortexM3\ARM_GCC_541\Debug\Microcontroller.a(P3_5.o)
 .ARM.attributes
                0x0000042e       0x33 .\CortexM3\ARM_GCC_541\Debug\Microcontroller.a(P3_6.o)
 .ARM.attributes
                0x00000461       0x33 .\CortexM3\ARM_GCC_541\Debug\Microcontroller.a(UART_1_IntClock.o)
 .ARM.attributes
                0x00000494       0x33 .\CortexM3\ARM_GCC_541\Debug\Microcontroller.a(CyLib.o)
 .ARM.attributes
                0x000004c7       0x33 .\CortexM3\ARM_GCC_541\Debug\Microcontroller.a(cyPm.o)
 .ARM.attributes
                0x000004fa       0x33 .\CortexM3\ARM_GCC_541\Debug\Microcontroller.a(PWM.o)
 .ARM.attributes
                0x0000052d       0x33 .\CortexM3\ARM_GCC_541\Debug\Microcontroller.a(isr_PWM.o)
 .ARM.attributes
                0x00000560       0x33 .\CortexM3\ARM_GCC_541\Debug\Microcontroller.a(Control_Reg_1.o)
 .ARM.attributes
                0x00000593       0x33 .\CortexM3\ARM_GCC_541\Debug\Microcontroller.a(LED_1.o)
 .ARM.attributes
                0x000005c6       0x33 .\CortexM3\ARM_GCC_541\Debug\Microcontroller.a(sensorClk.o)
 .ARM.attributes
                0x000005f9       0x33 .\CortexM3\ARM_GCC_541\Debug\Microcontroller.a(sensorSignal.o)
 .ARM.attributes
                0x0000062c       0x33 .\CortexM3\ARM_GCC_541\Debug\Microcontroller.a(sensorReset.o)
 .ARM.attributes
                0x0000065f       0x33 .\CortexM3\ARM_GCC_541\Debug\Microcontroller.a(ServoPWM.o)
 .ARM.attributes
                0x00000692       0x21 .\CortexM3\ARM_GCC_541\Debug\Microcontroller.a(CyBootAsmGnu.o)
 .ARM.attributes
                0x000006b3       0x33 .\CortexM3\ARM_GCC_541\Debug\Microcontroller.a(CyFlash.o)
 .ARM.attributes
                0x000006e6       0x33 .\CortexM3\ARM_GCC_541\Debug\Microcontroller.a(CySpc.o)
 .ARM.attributes
                0x00000719       0x1d c:/program files (x86)/cypress/psoc creator/4.4/psoc creator/import/gnu/arm/5.4.1/bin/../lib/gcc/arm-none-eabi/5.4.1/armv7-m\libgcc.a(_arm_addsubdf3.o)
 .ARM.attributes
                0x00000736       0x1d c:/program files (x86)/cypress/psoc creator/4.4/psoc creator/import/gnu/arm/5.4.1/bin/../lib/gcc/arm-none-eabi/5.4.1/armv7-m\libgcc.a(_arm_truncdfsf2.o)
 .ARM.attributes
                0x00000753       0x1d c:/program files (x86)/cypress/psoc creator/4.4/psoc creator/import/gnu/arm/5.4.1/bin/../lib/gcc/arm-none-eabi/5.4.1/armv7-m\libgcc.a(_arm_addsubsf3.o)
 .ARM.attributes
                0x00000770       0x1d c:/program files (x86)/cypress/psoc creator/4.4/psoc creator/import/gnu/arm/5.4.1/bin/../lib/gcc/arm-none-eabi/5.4.1/armv7-m\libgcc.a(_arm_muldivsf3.o)
 .ARM.attributes
                0x0000078d       0x1d c:/program files (x86)/cypress/psoc creator/4.4/psoc creator/import/gnu/arm/5.4.1/bin/../lib/gcc/arm-none-eabi/5.4.1/armv7-m\libgcc.a(_arm_fixsfsi.o)
 .ARM.attributes
                0x000007aa       0x2d c:/program files (x86)/cypress/psoc creator/4.4/psoc creator/import/gnu/arm/5.4.1/bin/../lib/gcc/arm-none-eabi/5.4.1/../../../../arm-none-eabi/lib/armv7-m\libg_nano.a(lib_a-errno.o)
 .ARM.attributes
                0x000007d7       0x2d c:/program files (x86)/cypress/psoc creator/4.4/psoc creator/import/gnu/arm/5.4.1/bin/../lib/gcc/arm-none-eabi/5.4.1/../../../../arm-none-eabi/lib/armv7-m\libg_nano.a(lib_a-exit.o)
 .ARM.attributes
                0x00000804       0x2d c:/program files (x86)/cypress/psoc creator/4.4/psoc creator/import/gnu/arm/5.4.1/bin/../lib/gcc/arm-none-eabi/5.4.1/../../../../arm-none-eabi/lib/armv7-m\libg_nano.a(lib_a-impure.o)
 .ARM.attributes
                0x00000831       0x2d c:/program files (x86)/cypress/psoc creator/4.4/psoc creator/import/gnu/arm/5.4.1/bin/../lib/gcc/arm-none-eabi/5.4.1/../../../../arm-none-eabi/lib/armv7-m\libg_nano.a(lib_a-init.o)
 .ARM.attributes
                0x0000085e       0x2d c:/program files (x86)/cypress/psoc creator/4.4/psoc creator/import/gnu/arm/5.4.1/bin/../lib/gcc/arm-none-eabi/5.4.1/../../../../arm-none-eabi/lib/armv7-m\libg_nano.a(lib_a-memcpy-stub.o)
 .ARM.attributes
                0x0000088b       0x2d c:/program files (x86)/cypress/psoc creator/4.4/psoc creator/import/gnu/arm/5.4.1/bin/../lib/gcc/arm-none-eabi/5.4.1/../../../../arm-none-eabi/lib/armv7-m\libg_nano.a(lib_a-memset.o)
 .ARM.attributes
                0x000008b8       0x2d c:/program files (x86)/cypress/psoc creator/4.4/psoc creator/import/gnu/arm/5.4.1/bin/../lib/gcc/arm-none-eabi/5.4.1/armv7-m/crtend.o
 .ARM.attributes
                0x000008e5       0x1d c:/program files (x86)/cypress/psoc creator/4.4/psoc creator/import/gnu/arm/5.4.1/bin/../lib/gcc/arm-none-eabi/5.4.1/armv7-m/crtn.o

/DISCARD/
 *(.note.GNU-stack)
OUTPUT(C:\GIT\RoboMate\PSoC\Microcontroller\Microcontroller.cydsn\CortexM3\ARM_GCC_541\Debug\Microcontroller.elf elf32-littlearm)
